 filesystem_stdio

 Timestamp is 5f6e7f29 (Fri Sep 25 19:37:13 2020)

 Preferred load address is 10000000

 Start         Length     Name                   Class
 0001:00000000 00012288H .text                   CODE
 0001:00012290 000001b9H .text$yc                CODE
 0001:00012450 0000002fH .text$yd                CODE
 0002:00000000 00000130H .idata$5                DATA
 0002:00000130 000015f3H .rdata                  DATA
 0002:00001724 00000090H .rdata$debug            DATA
 0002:000017b8 0000022cH .rdata$r                DATA
 0002:000019e4 0000003cH .idata$2                DATA
 0002:00001a20 00000014H .idata$3                DATA
 0002:00001a34 00000130H .idata$4                DATA
 0002:00001b64 0000054eH .idata$6                DATA
 0002:000020c0 00000057H .edata                  DATA
 0003:00000000 00000004H .CRT$XCA                DATA
 0003:00000004 00000020H .CRT$XCU                DATA
 0003:00000024 00000004H .CRT$XCZ                DATA
 0003:00000028 00000004H .CRT$XIA                DATA
 0003:0000002c 0000000cH .CRT$XIC                DATA
 0003:00000038 00000004H .CRT$XIZ                DATA
 0003:0000003c 00000004H .CRT$XPA                DATA
 0003:00000040 00000004H .CRT$XPX                DATA
 0003:00000044 00000004H .CRT$XPZ                DATA
 0003:00000048 00000004H .CRT$XTA                DATA
 0003:0000004c 00000004H .CRT$XTZ                DATA
 0003:00000050 00000e00H .data                   DATA
 0003:00000e60 00001d18H .bss                    DATA

  Address         Publics by Value              Rva+Base       Lib:Object

 0000:00000000       __except_list              00000000     <absolute>
 0000:00000000       ___safe_se_handler_count   00000000     <absolute>
 0000:00000000       ___safe_se_handler_table   00000000     <absolute>
 0001:00000000       ?CharacterSetBuild@@YAXPAUcharacterset_s@@PBD@Z 10001000 f   characterset.obj
 0001:00000060       ??0InterfaceReg@@QAE@P6APAXXZPBD@Z 10001060 f   interface.obj
 0001:000000a0       _CreateInterface           100010a0 f   interface.obj
 0001:000001a0       ?Sys_LoadModule@@YAPAVCSysModule@@PBD@Z 100011a0 f   interface.obj
 0001:00000200       ?Sys_UnloadModule@@YAXPAVCSysModule@@@Z 10001200 f   interface.obj
 0001:00000220       ?Sys_GetFactory@@YAP6APAXPBDPAH@ZPAVCSysModule@@@Z 10001220 f   interface.obj
 0001:00000250       ?Sys_GetFactoryThis@@YAP6APAXPBDPAH@ZXZ 10001250 f   interface.obj
 0001:00000260       ?Sys_GetFactory@@YAP6APAXPBDPAH@Z0@Z 10001260 f   interface.obj
 0001:000002a0       ?Initialize@CUtlSymbol@@KAXXZ 100012a0 f   utlsymbol.obj
 0001:00000300       ?CurrTable@CUtlSymbol@@KAPAVCUtlSymbolTable@@XZ 10001300 f   utlsymbol.obj
 0001:00000310       ??0CUtlSymbol@@QAE@PBD@Z   10001310 f   utlsymbol.obj
 0001:00000350       ?String@CUtlSymbol@@QBEPBDXZ 10001350 f   utlsymbol.obj
 0001:00000380       ?DisableStaticSymbolTable@CUtlSymbol@@SAXXZ 10001380 f   utlsymbol.obj
 0001:00000390       ??8CUtlSymbol@@QBE_NPBD@Z  10001390 f   utlsymbol.obj
 0001:000003d0       ?SymLess@CUtlSymbolTable@@KA_NABI0@Z 100013d0 f   utlsymbol.obj
 0001:00000460       ?SymLessi@CUtlSymbolTable@@KA_NABI0@Z 10001460 f   utlsymbol.obj
 0001:000004f0       ??0CUtlSymbolTable@@QAE@HH_N@Z 100014f0 f   utlsymbol.obj
 0001:00000540       ??1CUtlSymbolTable@@QAE@XZ 10001540 f   utlsymbol.obj
 0001:00000560       ?Find@CUtlSymbolTable@@QAE?AVCUtlSymbol@@PBD@Z 10001560 f   utlsymbol.obj
 0001:000005c0       ?AddString@CUtlSymbolTable@@QAE?AVCUtlSymbol@@PBD@Z 100015c0 f   utlsymbol.obj
 0001:00000690       ?String@CUtlSymbolTable@@QBEPBDVCUtlSymbol@@@Z 10001690 f   utlsymbol.obj
 0001:000006e0       ?RemoveAll@CUtlSymbolTable@@QAEXXZ 100016e0 f   utlsymbol.obj
 0001:00000700       ??BCUtlSymbol@@QBE?BGXZ    10001700 f i utlsymbol.obj
 0001:00000720       ??0CUtlSymbol@@QAE@G@Z     10001720 f i utlsymbol.obj
 0001:00000740       ??0CUtlSymbol@@QAE@XZ      10001740 f i utlsymbol.obj
 0001:00000760       ??0CUtlSymbol@@QAE@ABV0@@Z 10001760 f i utlsymbol.obj
 0001:00000780       ?IsValid@CUtlSymbol@@QBE_NXZ 10001780 f i utlsymbol.obj
 0001:000007a0       ??0?$CUtlRBTree@IG@@QAE@HHP6A_NABI0@Z@Z 100017a0 f i utlsymbol.obj
 0001:00000800       ??1?$CUtlRBTree@IG@@QAE@XZ 10001800 f i utlsymbol.obj
 0001:00000820       ??A?$CUtlRBTree@IG@@QBEABIG@Z 10001820 f i utlsymbol.obj
 0001:00000840       ?Insert@?$CUtlRBTree@IG@@QAEGABI@Z 10001840 f i utlsymbol.obj
 0001:000008a0       ?Find@?$CUtlRBTree@IG@@QBEGABI@Z 100018a0 f i utlsymbol.obj
 0001:00000940       ?RemoveAll@?$CUtlRBTree@IG@@QAEXXZ 10001940 f i utlsymbol.obj
 0001:00000a10       ??0?$CUtlVector@D@@QAE@HH@Z 10001a10 f i utlsymbol.obj
 0001:00000a50       ??1?$CUtlVector@D@@QAE@XZ  10001a50 f i utlsymbol.obj
 0001:00000a70       ??A?$CUtlVector@D@@QBEABDH@Z 10001a70 f i utlsymbol.obj
 0001:00000a90       ??A?$CUtlVector@D@@QAEAADH@Z 10001a90 f i utlsymbol.obj
 0001:00000ab0       ?AddMultipleToTail@?$CUtlVector@D@@QAEHHPBD@Z 10001ab0 f i utlsymbol.obj
 0001:00000ae0       ?RemoveAll@?$CUtlVector@D@@QAEXXZ 10001ae0 f i utlsymbol.obj
 0001:00000b30       ?ResetDbgInfo@?$CUtlRBTree@IG@@IAEXXZ 10001b30 f i utlsymbol.obj
 0001:00000b50       ?Element@?$CUtlRBTree@IG@@QBEABIG@Z 10001b50 f i utlsymbol.obj
 0001:00000b70       ?Element@?$CUtlRBTree@IG@@QAEAAIG@Z 10001b70 f i utlsymbol.obj
 0001:00000b90       ?LeftChild@?$CUtlRBTree@IG@@QBEGG@Z 10001b90 f i utlsymbol.obj
 0001:00000bb0       ?RightChild@?$CUtlRBTree@IG@@QBEGG@Z 10001bb0 f i utlsymbol.obj
 0001:00000bd0       ?IsValidIndex@?$CUtlRBTree@IG@@QBE_NG@Z 10001bd0 f i utlsymbol.obj
 0001:00000c00       ?InvalidIndex@?$CUtlRBTree@IG@@SAGXZ 10001c00 f i utlsymbol.obj
 0001:00000c10       ?SetLeftChild@?$CUtlRBTree@IG@@IAEXGG@Z 10001c10 f i utlsymbol.obj
 0001:00000c40       ?SetRightChild@?$CUtlRBTree@IG@@IAEXGG@Z 10001c40 f i utlsymbol.obj
 0001:00000c70       ?InsertAt@?$CUtlRBTree@IG@@IAEGG_N@Z 10001c70 f i utlsymbol.obj
 0001:00000cc0       ?FindInsertionPosition@?$CUtlRBTree@IG@@IAEXABIAAGAA_N@Z 10001cc0 f i utlsymbol.obj
 0001:00000d60       ??0?$CUtlMemory@UNode_t@?$CUtlRBTree@IG@@@@QAE@HH@Z 10001d60 f i utlsymbol.obj
 0001:00000db0       ??1?$CUtlMemory@UNode_t@?$CUtlRBTree@IG@@@@QAE@XZ 10001db0 f i utlsymbol.obj
 0001:00000dd0       ?Base@?$CUtlMemory@UNode_t@?$CUtlRBTree@IG@@@@QAEPAUNode_t@?$CUtlRBTree@IG@@XZ 10001dd0 f i utlsymbol.obj
 0001:00000de0       ??$CopyConstruct@I@@YAXPAIABI@Z 10001de0 f i utlsymbol.obj
 0001:00000e20       ??2@YAPAXIPAX@Z            10001e20 f i utlsymbol.obj
 0001:00000e30       ??$Destruct@I@@YAXPAI@Z    10001e30 f i utlsymbol.obj
 0001:00000e40       ?Element@?$CUtlVector@D@@QAEAADH@Z 10001e40 f i utlsymbol.obj
 0001:00000e60       ?InsertMultipleBefore@?$CUtlVector@D@@QAEHHHPBD@Z 10001e60 f i utlsymbol.obj
 0001:00000f10       ?Purge@?$CUtlVector@D@@QAEXXZ 10001f10 f i utlsymbol.obj
 0001:00000f40       ?ResetDbgInfo@?$CUtlVector@D@@IAEXXZ 10001f40 f i utlsymbol.obj
 0001:00000f60       ??0?$CUtlMemory@D@@QAE@HH@Z 10001f60 f i utlsymbol.obj
 0001:00000fb0       ??1?$CUtlMemory@D@@QAE@XZ  10001fb0 f i utlsymbol.obj
 0001:00000fd0       ??A?$CUtlMemory@D@@QBEABDH@Z 10001fd0 f i utlsymbol.obj
 0001:00000ff0       ??A?$CUtlMemory@D@@QAEAADH@Z 10001ff0 f i utlsymbol.obj
 0001:00001010       ??$Destruct@D@@YAXPAD@Z    10002010 f i utlsymbol.obj
 0001:00001020       ?NewNode@?$CUtlRBTree@IG@@QAEGXZ 10002020 f i utlsymbol.obj
 0001:000010d0       ?LinkToParent@?$CUtlRBTree@IG@@IAEXGG_N@Z 100020d0 f i utlsymbol.obj
 0001:00001180       ?Links@?$CUtlRBTree@IG@@IAEAAULinks_t@1@G@Z 10002180 f i utlsymbol.obj
 0001:000011a0       ?Links@?$CUtlRBTree@IG@@IBEABULinks_t@1@G@Z 100021a0 f i utlsymbol.obj
 0001:00001230       ??A?$CUtlMemory@UNode_t@?$CUtlRBTree@IG@@@@QBEABUNode_t@?$CUtlRBTree@IG@@H@Z 10002230 f i utlsymbol.obj
 0001:00001250       ??A?$CUtlMemory@UNode_t@?$CUtlRBTree@IG@@@@QAEAAUNode_t@?$CUtlRBTree@IG@@H@Z 10002250 f i utlsymbol.obj
 0001:00001270       ?Purge@?$CUtlMemory@UNode_t@?$CUtlRBTree@IG@@@@QAEXXZ 10002270 f i utlsymbol.obj
 0001:000012c0       ?GrowVector@?$CUtlVector@D@@IAEXH@Z 100022c0 f i utlsymbol.obj
 0001:00001320       ?ShiftElementsRight@?$CUtlVector@D@@IAEXHH@Z 10002320 f i utlsymbol.obj
 0001:00001380       ?Q_memmove@@YAXPAXPBXH@Z   10002380 f i utlsymbol.obj
 0001:000013a0       ?Base@?$CUtlMemory@D@@QAEPADXZ 100023a0 f i utlsymbol.obj
 0001:000013b0       ?Purge@?$CUtlMemory@D@@QAEXXZ 100023b0 f i utlsymbol.obj
 0001:00001400       ??$Construct@D@@YAXPAD@Z   10002400 f i utlsymbol.obj
 0001:00001420       ?InsertRebalance@?$CUtlRBTree@IG@@IAEXG@Z 10002420 f i utlsymbol.obj
 0001:00001670       ?NumAllocated@?$CUtlMemory@UNode_t@?$CUtlRBTree@IG@@@@QBEHXZ 10002670 f i utlsymbol.obj
 0001:00001690       ?Grow@?$CUtlMemory@UNode_t@?$CUtlRBTree@IG@@@@QAEXH@Z 10002690 f i utlsymbol.obj
 0001:00001750       ?IsExternallyAllocated@?$CUtlMemory@UNode_t@?$CUtlRBTree@IG@@@@QBE_NXZ 10002750 f i utlsymbol.obj
 0001:00001770       ??$Construct@I@@YAXPAI@Z   10002770 f i utlsymbol.obj
 0001:00001790       ?NumAllocated@?$CUtlMemory@D@@QBEHXZ 10002790 f i utlsymbol.obj
 0001:000017b0       ?Grow@?$CUtlMemory@D@@QAEXH@Z 100027b0 f i utlsymbol.obj
 0001:00001870       ?IsExternallyAllocated@?$CUtlMemory@D@@QBE_NXZ 10002870 f i utlsymbol.obj
 0001:00001890       ?Parent@?$CUtlRBTree@IG@@QBEGG@Z 10002890 f i utlsymbol.obj
 0001:000018b0       ?IsLeftChild@?$CUtlRBTree@IG@@QBE_NG@Z 100028b0 f i utlsymbol.obj
 0001:000018f0       ?IsRightChild@?$CUtlRBTree@IG@@QBE_NG@Z 100028f0 f i utlsymbol.obj
 0001:00001930       ?IsRoot@?$CUtlRBTree@IG@@QBE_NG@Z 10002930 f i utlsymbol.obj
 0001:00001960       ?IsRed@?$CUtlRBTree@IG@@IBE_NG@Z 10002960 f i utlsymbol.obj
 0001:00001990       ?Color@?$CUtlRBTree@IG@@IBE?AW4NodeColor_t@1@G@Z 10002990 f i utlsymbol.obj
 0001:000019b0       ?SetColor@?$CUtlRBTree@IG@@IAEXGW4NodeColor_t@1@@Z 100029b0 f i utlsymbol.obj
 0001:000019e0       ?RotateLeft@?$CUtlRBTree@IG@@IAEXG@Z 100029e0 f i utlsymbol.obj
 0001:00001b30       ?RotateRight@?$CUtlRBTree@IG@@IAEXG@Z 10002b30 f i utlsymbol.obj
 0001:00001c80       ?SetParent@?$CUtlRBTree@IG@@IAEXGG@Z 10002c80 f i utlsymbol.obj
 0001:00001cb0       ??0LessCtx_t@@QAE@XZ       10002cb0 f i utlsymbol.obj
 0001:00001ce0       ??1CCleanupUtlSymbolTable@@QAE@XZ 10002ce0 f i utlsymbol.obj
 0001:00001d30       ??_GCUtlSymbolTable@@QAEPAXI@Z 10002d30 f i utlsymbol.obj
 0001:00001d60       ??_H@YGXPAXIHP6EPAX0@Z@Z   10002d60 f i BaseFileSystem.obj
 0001:00001d90       ??0CBaseFileSystem@@QAE@XZ 10002d90 f   BaseFileSystem.obj
 0001:00001e40       ??1CBaseFileSystem@@QAE@XZ 10002e40 f   BaseFileSystem.obj
 0001:00001e90       ?Connect@CBaseFileSystem@@UAE_NP6APAXPBDPAH@Z@Z 10002e90 f   BaseFileSystem.obj
 0001:00001ea0       ?Disconnect@CBaseFileSystem@@UAEXXZ 10002ea0 f   BaseFileSystem.obj
 0001:00001eb0       ?QueryInterface@CBaseFileSystem@@UAEPAXPBD@Z 10002eb0 f   BaseFileSystem.obj
 0001:00001ec0       ?Init@CBaseFileSystem@@UAE?AW4InitReturnVal_t@@XZ 10002ec0 f   BaseFileSystem.obj
 0001:00002020       ?Shutdown@CBaseFileSystem@@UAEXXZ 10003020 f   BaseFileSystem.obj
 0001:00002060       ?OpenedFileLessFunc@CBaseFileSystem@@KA_NABVCOpenedFile@@0@Z 10003060 f   BaseFileSystem.obj
 0001:00002080       ?Trace_FOpen@CBaseFileSystem@@IAEPAU_iobuf@@PBD0@Z 10003080 f   BaseFileSystem.obj
 0001:00002120       ?Trace_FClose@CBaseFileSystem@@IAEXPAU_iobuf@@@Z 10003120 f   BaseFileSystem.obj
 0001:00002210       ?Trace_FRead@CBaseFileSystem@@IAEXHPAU_iobuf@@@Z 10003210 f   BaseFileSystem.obj
 0001:000022d0       ?Trace_FWrite@CBaseFileSystem@@IAEXHPAU_iobuf@@@Z 100032d0 f   BaseFileSystem.obj
 0001:00002390       ?Trace_DumpUnclosedFiles@CBaseFileSystem@@IAEXXZ 10003390 f   BaseFileSystem.obj
 0001:00002400       ?PrintOpenedFiles@CBaseFileSystem@@UAEXXZ 10003400 f   BaseFileSystem.obj
 0001:00002420       ?PreparePackFile@CBaseFileSystem@@IAE_NAAVCSearchPath@@HH@Z 10003420 f   BaseFileSystem.obj
 0001:00002830       ?AddPackFiles@CBaseFileSystem@@IAEXPBDW4SearchPathAdd_t@@@Z 10003830 f   BaseFileSystem.obj
 0001:00002b60       ?RemoveAllMapSearchPaths@CBaseFileSystem@@IAEXXZ 10003b60 f   BaseFileSystem.obj
 0001:00002bc0       ?AddMapPackFile@CBaseFileSystem@@IAEXPBDW4SearchPathAdd_t@@@Z 10003bc0 f   BaseFileSystem.obj
 0001:00002ee0       ?PrintSearchPaths@CBaseFileSystem@@MAEXXZ 10003ee0 f   BaseFileSystem.obj
 0001:00002f70       ?AddSearchPath@CBaseFileSystem@@UAEXPBD0W4SearchPathAdd_t@@@Z 10003f70 f   BaseFileSystem.obj
 0001:00003120       ?RemoveSearchPath@CBaseFileSystem@@UAE_NPBD0@Z 10004120 f   BaseFileSystem.obj
 0001:00003250       ?FindWritePath@CBaseFileSystem@@IAEPAVCSearchPath@@PBD@Z 10004250 f   BaseFileSystem.obj
 0001:000032f0       ?GetWritePath@CBaseFileSystem@@IAEPBDPBD@Z 100042f0 f   BaseFileSystem.obj
 0001:00003370       ?RemoveAllSearchPaths@CBaseFileSystem@@UAEXXZ 10004370 f   BaseFileSystem.obj
 0001:000033a0       ?FindFile@CBaseFileSystem@@IAEPAXPBVCSearchPath@@PBD1@Z 100043a0 f   BaseFileSystem.obj
 0001:000036f0       ?OpenForRead@CBaseFileSystem@@IAEPAXPBD00@Z 100046f0 f   BaseFileSystem.obj
 0001:000037c0       ?OpenForWrite@CBaseFileSystem@@IAEPAXPBD00@Z 100047c0 f   BaseFileSystem.obj
 0001:000038e0       ?ParsePathID@CBaseFileSystem@@QAEXAAPBD0QAD@Z 100048e0 f   BaseFileSystem.obj
 0001:00003a20       ?Open@CBaseFileSystem@@UAEPAXPBD00@Z 10004a20 f   BaseFileSystem.obj
 0001:00003af0       ?Close@CBaseFileSystem@@UAEXPAX@Z 10004af0 f   BaseFileSystem.obj
 0001:00003c80       ?Seek@CBaseFileSystem@@UAEXPAXHW4FileSystemSeek_t@@@Z 10004c80 f   BaseFileSystem.obj
 0001:00003de0       ?Tell@CBaseFileSystem@@UAEIPAX@Z 10004de0 f   BaseFileSystem.obj
 0001:00003ea0       ?Size@CBaseFileSystem@@UAEIPAX@Z 10004ea0 f   BaseFileSystem.obj
 0001:00003f40       ?Size@CBaseFileSystem@@UAEIPBD0@Z 10004f40 f   BaseFileSystem.obj
 0001:000040a0       ?FastFindFile@CBaseFileSystem@@IAEHPBVCSearchPath@@PBD@Z 100050a0 f   BaseFileSystem.obj
 0001:00004220       ?EndOfFile@CBaseFileSystem@@UAE_NPAX@Z 10005220 f   BaseFileSystem.obj
 0001:000042d0       ?Read@CBaseFileSystem@@UAEHPAXH0@Z 100052d0 f   BaseFileSystem.obj
 0001:000043c0       ?Write@CBaseFileSystem@@UAEHPBXHPAX@Z 100053c0 f   BaseFileSystem.obj
 0001:000044b0       ?FPrintf@CBaseFileSystem@@UAAHPAXPADZZ 100054b0 f   BaseFileSystem.obj
 0001:00004580       ?IsOk@CBaseFileSystem@@UAE_NPAX@Z 10005580 f   BaseFileSystem.obj
 0001:000045f0       ?Flush@CBaseFileSystem@@UAEXPAX@Z 100055f0 f   BaseFileSystem.obj
 0001:00004690       ?Precache@CBaseFileSystem@@UAE_NPBD0@Z 10005690 f   BaseFileSystem.obj
 0001:00004720       ?ReadLine@CBaseFileSystem@@UAEPADPADHPAX@Z 10005720 f   BaseFileSystem.obj
 0001:00004810       ?GetFileTime@CBaseFileSystem@@UAEJPBD0@Z 10005810 f   BaseFileSystem.obj
 0001:000049a0       ?FileTimeToString@CBaseFileSystem@@UAEXPADHJ@Z 100059a0 f   BaseFileSystem.obj
 0001:000049e0       ?FileExists@CBaseFileSystem@@UAE_NPBD0@Z 100059e0 f   BaseFileSystem.obj
 0001:00004b40       ?IsFileWritable@CBaseFileSystem@@UAE_NPBD0@Z 10005b40 f   BaseFileSystem.obj
 0001:00004ce0       ?IsDirectory@CBaseFileSystem@@UAE_NPBD0@Z 10005ce0 f   BaseFileSystem.obj
 0001:00004e80       ?CreateDirHierarchy@CBaseFileSystem@@UAEXPBD0@Z 10005e80 f   BaseFileSystem.obj
 0001:00004f40       ?FindFirst@CBaseFileSystem@@UAEPBDPBDPAH@Z 10005f40 f   BaseFileSystem.obj
 0001:00005160       ?FileInSearchPaths@CBaseFileSystem@@IAE_NPBD0HH@Z 10006160 f   BaseFileSystem.obj
 0001:00005300       ?FindNextFileHelper@CBaseFileSystem@@IAE_NPAUFindData_t@@@Z 10006300 f   BaseFileSystem.obj
 0001:000054c0       ?FindNext@CBaseFileSystem@@UAEPBDH@Z 100064c0 f   BaseFileSystem.obj
 0001:00005580       ?FindIsDirectory@CBaseFileSystem@@UAE_NH@Z 10006580 f   BaseFileSystem.obj
 0001:000055b0       ?FindClose@CBaseFileSystem@@UAEXH@Z 100065b0 f   BaseFileSystem.obj
 0001:00005650       ?GetLocalCopy@CBaseFileSystem@@UAEXPBD@Z 10006650 f   BaseFileSystem.obj
 0001:00005660       ?GetLocalPathLen@CBaseFileSystem@@UAEHPBD@Z 10006660 f   BaseFileSystem.obj
 0001:00005760       ?GetLocalPath@CBaseFileSystem@@UAEPBDPBDPAD@Z 10006760 f   BaseFileSystem.obj
 0001:00005870       ?FullPathToRelativePath@CBaseFileSystem@@UAE_NPBDPAD@Z 10006870 f   BaseFileSystem.obj
 0001:00005a10       ?RemoveFile@CBaseFileSystem@@UAEXPBD0@Z 10006a10 f   BaseFileSystem.obj
 0001:00005a90       ?RenameFile@CBaseFileSystem@@UAEXPBD00@Z 10006a90 f   BaseFileSystem.obj
 0001:00005b20       ?GetCurrentDirectory@CBaseFileSystem@@UAE_NPADH@Z 10006b20 f   BaseFileSystem.obj
 0001:00005b80       ?SetWarningFunc@CBaseFileSystem@@UAEXP6AXPBDZZ@Z 10006b80 f   BaseFileSystem.obj
 0001:00005ba0       ?SetWarningLevel@CBaseFileSystem@@UAEXW4FileWarningLevel_t@@@Z 10006ba0 f   BaseFileSystem.obj
 0001:00005bc0       ?GetFilesystemStatistics@CBaseFileSystem@@UAEPBUFileSystemStatistics@@XZ 10006bc0 f   BaseFileSystem.obj
 0001:00005be0       ?Warning@CBaseFileSystem@@IAAXW4FileWarningLevel_t@@PBDZZ 10006be0 f   BaseFileSystem.obj
 0001:00005c70       ??0COpenedFile@@QAE@XZ     10006c70 f   BaseFileSystem.obj
 0001:00005ca0       ??1COpenedFile@@QAE@XZ     10006ca0 f   BaseFileSystem.obj
 0001:00005cd0       ??0COpenedFile@@QAE@ABV0@@Z 10006cd0 f   BaseFileSystem.obj
 0001:00005d40       ??8COpenedFile@@QBE_NABV0@@Z 10006d40 f   BaseFileSystem.obj
 0001:00005d60       ?SetName@COpenedFile@@QAEXPBD@Z 10006d60 f   BaseFileSystem.obj
 0001:00005dc0       ?GetName@COpenedFile@@QAEPBDXZ 10006dc0 f   BaseFileSystem.obj
 0001:00005df0       ?PackFileLessFunc@CSearchPath@@SA_NABVCPackFileEntry@@0@Z 10006df0 f   BaseFileSystem.obj
 0001:00005e20       ?GetPathString@CSearchPath@@QBEPBDXZ 10006e20 f   BaseFileSystem.obj
 0001:00005e50       ?GetPathIDString@CSearchPath@@QBEPBDXZ 10006e50 f   BaseFileSystem.obj
 0001:00005e80       ??0CSearchPath@@QAE@XZ     10006e80 f   BaseFileSystem.obj
 0001:00005f00       ??1CSearchPath@@QAE@XZ     10006f00 f   BaseFileSystem.obj
 0001:00005f60       ?LoadModule@CBaseFileSystem@@UAEPAVCSysModule@@PBD@Z 10006f60 f   BaseFileSystem.obj
 0001:00005f80       ?UnloadModule@CBaseFileSystem@@UAEXPAVCSysModule@@@Z 10006f80 f   BaseFileSystem.obj
 0001:00006070       ??0IFileSystem@@QAE@XZ     10007070 f i BaseFileSystem.obj
 0001:000060b0       ??0IBaseFileSystem@@QAE@XZ 100070b0 f i BaseFileSystem.obj
 0001:000060d0       ??0IAppSystem@@QAE@XZ      100070d0 f i BaseFileSystem.obj
 0001:000060f0       ?strrchr@@YAPADPADH@Z      100070f0 f i BaseFileSystem.obj
 0001:00006110       ??4CUtlSymbol@@QAEAAV0@ABV0@@Z 10007110 f i BaseFileSystem.obj
 0001:00006130       ??0TmpFileInfo_t@@QAE@XZ   10007130 f i BaseFileSystem.obj
 0001:00006150       ??0CPackFileEntry@@QAE@XZ  10007150 f i BaseFileSystem.obj
 0001:00006170       ??0CFileHandle@@QAE@XZ     10007170 f i BaseFileSystem.obj
 0001:000061b0       ?strstr@@YAPADPADPBD@Z     100071b0 f i BaseFileSystem.obj
 0001:000061d0       ??8CUtlSymbol@@QBE_NABV0@@Z 100071d0 f i BaseFileSystem.obj
 0001:00006200       ??0CPackFileEntry@@QAE@ABV0@@Z 10007200 f i BaseFileSystem.obj
 0001:00006240       ?ComputeFullWritePath@CBaseFileSystem@@IAEXPADPBD1@Z 10007240 f i BaseFileSystem.obj
 0001:00006290       ??0CVProfScope@@QAE@PBDH0_N@Z 10007290 f i BaseFileSystem.obj
 0001:000062c0       ??1CVProfScope@@QAE@XZ     100072c0 f i BaseFileSystem.obj
 0001:000062e0       ?Base@?$CUtlVector@D@@QAEPADXZ 100072e0 f i BaseFileSystem.obj
 0001:00006300       ?Count@?$CUtlVector@D@@QBEHXZ 10007300 f i BaseFileSystem.obj
 0001:00006320       ??0?$CUtlRBTree@VCPackFileEntry@@H@@QAE@HHP6A_NABVCPackFileEntry@@0@Z@Z 10007320 f i BaseFileSystem.obj
 0001:00006380       ??1?$CUtlRBTree@VCPackFileEntry@@H@@QAE@XZ 10007380 f i BaseFileSystem.obj
 0001:000063a0       ??A?$CUtlRBTree@VCPackFileEntry@@H@@QBEABVCPackFileEntry@@H@Z 100073a0 f i BaseFileSystem.obj
 0001:000063c0       ?InvalidIndex@?$CUtlRBTree@VCPackFileEntry@@H@@SAHXZ 100073c0 f i BaseFileSystem.obj
 0001:000063d0       ?Insert@?$CUtlRBTree@VCPackFileEntry@@H@@QAEHABVCPackFileEntry@@@Z 100073d0 f i BaseFileSystem.obj
 0001:00006430       ?Find@?$CUtlRBTree@VCPackFileEntry@@H@@QBEHABVCPackFileEntry@@@Z 10007430 f i BaseFileSystem.obj
 0001:000064c0       ??0?$CUtlVector@PAU_iobuf@@@@QAE@HH@Z 100074c0 f i BaseFileSystem.obj
 0001:00006500       ??1?$CUtlVector@PAU_iobuf@@@@QAE@XZ 10007500 f i BaseFileSystem.obj
 0001:00006520       ?Size@?$CUtlVector@PAU_iobuf@@@@QBEHXZ 10007520 f i BaseFileSystem.obj
 0001:00006540       ?InvalidIndex@?$CUtlVector@PAU_iobuf@@@@SAHXZ 10007540 f i BaseFileSystem.obj
 0001:00006550       ?AddToTail@?$CUtlVector@PAU_iobuf@@@@QAEHABQAU_iobuf@@@Z 10007550 f i BaseFileSystem.obj
 0001:00006570       ?Find@?$CUtlVector@PAU_iobuf@@@@QBEHABQAU_iobuf@@@Z 10007570 f i BaseFileSystem.obj
 0001:000065c0       ?FindAndRemove@?$CUtlVector@PAU_iobuf@@@@QAEXABQAU_iobuf@@@Z 100075c0 f i BaseFileSystem.obj
 0001:000065f0       ?Purge@?$CUtlVector@PAU_iobuf@@@@QAEXXZ 100075f0 f i BaseFileSystem.obj
 0001:00006620       ??0?$CUtlVector@UFindData_t@@@@QAE@HH@Z 10007620 f i BaseFileSystem.obj
 0001:00006660       ??1?$CUtlVector@UFindData_t@@@@QAE@XZ 10007660 f i BaseFileSystem.obj
 0001:00006680       ??A?$CUtlVector@UFindData_t@@@@QAEAAUFindData_t@@H@Z 10007680 f i BaseFileSystem.obj
 0001:000066a0       ?Count@?$CUtlVector@UFindData_t@@@@QBEHXZ 100076a0 f i BaseFileSystem.obj
 0001:000066c0       ?AddToTail@?$CUtlVector@UFindData_t@@@@QAEHXZ 100076c0 f i BaseFileSystem.obj
 0001:000066e0       ?FastRemove@?$CUtlVector@UFindData_t@@@@QAEXH@Z 100076e0 f i BaseFileSystem.obj
 0001:00006750       ?Remove@?$CUtlVector@UFindData_t@@@@QAEXH@Z 10007750 f i BaseFileSystem.obj
 0001:00006790       ??0?$CUtlVector@VCSearchPath@@@@QAE@HH@Z 10007790 f i BaseFileSystem.obj
 0001:000067d0       ??1?$CUtlVector@VCSearchPath@@@@QAE@XZ 100077d0 f i BaseFileSystem.obj
 0001:000067f0       ??A?$CUtlVector@VCSearchPath@@@@QAEAAVCSearchPath@@H@Z 100077f0 f i BaseFileSystem.obj
 0001:00006810       ?Count@?$CUtlVector@VCSearchPath@@@@QBEHXZ 10007810 f i BaseFileSystem.obj
 0001:00006830       ?Size@?$CUtlVector@VCSearchPath@@@@QBEHXZ 10007830 f i BaseFileSystem.obj
 0001:00006850       ?AddToHead@?$CUtlVector@VCSearchPath@@@@QAEHXZ 10007850 f i BaseFileSystem.obj
 0001:00006870       ?AddToTail@?$CUtlVector@VCSearchPath@@@@QAEHXZ 10007870 f i BaseFileSystem.obj
 0001:00006890       ?InsertBefore@?$CUtlVector@VCSearchPath@@@@QAEHH@Z 10007890 f i BaseFileSystem.obj
 0001:000068d0       ?Remove@?$CUtlVector@VCSearchPath@@@@QAEXH@Z 100078d0 f i BaseFileSystem.obj
 0001:00006910       ?Purge@?$CUtlVector@VCSearchPath@@@@QAEXXZ 10007910 f i BaseFileSystem.obj
 0001:00006940       ??0?$CUtlVector@VCOpenedFile@@@@QAE@HH@Z 10007940 f i BaseFileSystem.obj
 0001:00006980       ??1?$CUtlVector@VCOpenedFile@@@@QAE@XZ 10007980 f i BaseFileSystem.obj
 0001:000069a0       ??A?$CUtlVector@VCOpenedFile@@@@QAEAAVCOpenedFile@@H@Z 100079a0 f i BaseFileSystem.obj
 0001:000069c0       ?Count@?$CUtlVector@VCOpenedFile@@@@QBEHXZ 100079c0 f i BaseFileSystem.obj
 0001:000069e0       ?AddToTail@?$CUtlVector@VCOpenedFile@@@@QAEHABVCOpenedFile@@@Z 100079e0 f i BaseFileSystem.obj
 0001:00006a00       ?Find@?$CUtlVector@VCOpenedFile@@@@QBEHABVCOpenedFile@@@Z 10007a00 f i BaseFileSystem.obj
 0001:00006a60       ?Remove@?$CUtlVector@VCOpenedFile@@@@QAEXH@Z 10007a60 f i BaseFileSystem.obj
 0001:00006aa0       ?ResetDbgInfo@?$CUtlRBTree@VCPackFileEntry@@H@@IAEXXZ 10007aa0 f i BaseFileSystem.obj
 0001:00006ac0       ?Element@?$CUtlRBTree@VCPackFileEntry@@H@@QBEABVCPackFileEntry@@H@Z 10007ac0 f i BaseFileSystem.obj
 0001:00006ae0       ?Element@?$CUtlRBTree@VCPackFileEntry@@H@@QAEAAVCPackFileEntry@@H@Z 10007ae0 f i BaseFileSystem.obj
 0001:00006b00       ?LeftChild@?$CUtlRBTree@VCPackFileEntry@@H@@QBEHH@Z 10007b00 f i BaseFileSystem.obj
 0001:00006b20       ?RightChild@?$CUtlRBTree@VCPackFileEntry@@H@@QBEHH@Z 10007b20 f i BaseFileSystem.obj
 0001:00006b40       ?InsertAt@?$CUtlRBTree@VCPackFileEntry@@H@@IAEHH_N@Z 10007b40 f i BaseFileSystem.obj
 0001:00006b90       ?FindInsertionPosition@?$CUtlRBTree@VCPackFileEntry@@H@@IAEXABVCPackFileEntry@@AAHAA_N@Z 10007b90 f i BaseFileSystem.obj
 0001:00006c20       ??0?$CUtlMemory@UNode_t@?$CUtlRBTree@VCPackFileEntry@@H@@@@QAE@HH@Z 10007c20 f i BaseFileSystem.obj
 0001:00006c70       ??1?$CUtlMemory@UNode_t@?$CUtlRBTree@VCPackFileEntry@@H@@@@QAE@XZ 10007c70 f i BaseFileSystem.obj
 0001:00006c90       ?Base@?$CUtlMemory@UNode_t@?$CUtlRBTree@VCPackFileEntry@@H@@@@QAEPAUNode_t@?$CUtlRBTree@VCPackFileEntry@@H@@XZ 10007c90 f i BaseFileSystem.obj
 0001:00006ca0       ??$CopyConstruct@VCPackFileEntry@@@@YAXPAVCPackFileEntry@@ABV0@@Z 10007ca0 f i BaseFileSystem.obj
 0001:00006ce0       ?Element@?$CUtlVector@PAU_iobuf@@@@QBEABQAU_iobuf@@H@Z 10007ce0 f i BaseFileSystem.obj
 0001:00006d00       ?Count@?$CUtlVector@PAU_iobuf@@@@QBEHXZ 10007d00 f i BaseFileSystem.obj
 0001:00006d20       ?InsertBefore@?$CUtlVector@PAU_iobuf@@@@QAEHHABQAU_iobuf@@@Z 10007d20 f i BaseFileSystem.obj
 0001:00006d70       ?Remove@?$CUtlVector@PAU_iobuf@@@@QAEXH@Z 10007d70 f i BaseFileSystem.obj
 0001:00006db0       ?RemoveAll@?$CUtlVector@PAU_iobuf@@@@QAEXXZ 10007db0 f i BaseFileSystem.obj
 0001:00006e00       ?ResetDbgInfo@?$CUtlVector@PAU_iobuf@@@@IAEXXZ 10007e00 f i BaseFileSystem.obj
 0001:00006e20       ??0?$CUtlMemory@PAU_iobuf@@@@QAE@HH@Z 10007e20 f i BaseFileSystem.obj
 0001:00006e70       ??1?$CUtlMemory@PAU_iobuf@@@@QAE@XZ 10007e70 f i BaseFileSystem.obj
 0001:00006e90       ?Purge@?$CUtlMemory@PAU_iobuf@@@@QAEXXZ 10007e90 f i BaseFileSystem.obj
 0001:00006ee0       ?Element@?$CUtlVector@UFindData_t@@@@QAEAAUFindData_t@@H@Z 10007ee0 f i BaseFileSystem.obj
 0001:00006f00       ?InsertBefore@?$CUtlVector@UFindData_t@@@@QAEHH@Z 10007f00 f i BaseFileSystem.obj
 0001:00006f40       ?Purge@?$CUtlVector@UFindData_t@@@@QAEXXZ 10007f40 f i BaseFileSystem.obj
 0001:00006f70       ?ShiftElementsLeft@?$CUtlVector@UFindData_t@@@@IAEXHH@Z 10007f70 f i BaseFileSystem.obj
 0001:00006fd0       ?ResetDbgInfo@?$CUtlVector@UFindData_t@@@@IAEXXZ 10007fd0 f i BaseFileSystem.obj
 0001:00006ff0       ??0?$CUtlMemory@UFindData_t@@@@QAE@HH@Z 10007ff0 f i BaseFileSystem.obj
 0001:00007040       ??1?$CUtlMemory@UFindData_t@@@@QAE@XZ 10008040 f i BaseFileSystem.obj
 0001:00007060       ??A?$CUtlMemory@UFindData_t@@@@QAEAAUFindData_t@@H@Z 10008060 f i BaseFileSystem.obj
 0001:00007080       ??$Destruct@UFindData_t@@@@YAXPAUFindData_t@@@Z 10008080 f i BaseFileSystem.obj
 0001:00007090       ?Element@?$CUtlVector@VCSearchPath@@@@QAEAAVCSearchPath@@H@Z 10008090 f i BaseFileSystem.obj
 0001:000070b0       ?RemoveAll@?$CUtlVector@VCSearchPath@@@@QAEXXZ 100080b0 f i BaseFileSystem.obj
 0001:00007100       ?GrowVector@?$CUtlVector@VCSearchPath@@@@IAEXH@Z 10008100 f i BaseFileSystem.obj
 0001:00007160       ?ShiftElementsRight@?$CUtlVector@VCSearchPath@@@@IAEXHH@Z 10008160 f i BaseFileSystem.obj
 0001:000071c0       ?ShiftElementsLeft@?$CUtlVector@VCSearchPath@@@@IAEXHH@Z 100081c0 f i BaseFileSystem.obj
 0001:00007220       ?ResetDbgInfo@?$CUtlVector@VCSearchPath@@@@IAEXXZ 10008220 f i BaseFileSystem.obj
 0001:00007240       ??0?$CUtlMemory@VCSearchPath@@@@QAE@HH@Z 10008240 f i BaseFileSystem.obj
 0001:00007290       ??1?$CUtlMemory@VCSearchPath@@@@QAE@XZ 10008290 f i BaseFileSystem.obj
 0001:000072b0       ??A?$CUtlMemory@VCSearchPath@@@@QAEAAVCSearchPath@@H@Z 100082b0 f i BaseFileSystem.obj
 0001:000072d0       ?Purge@?$CUtlMemory@VCSearchPath@@@@QAEXXZ 100082d0 f i BaseFileSystem.obj
 0001:00007320       ??$Construct@VCSearchPath@@@@YAXPAVCSearchPath@@@Z 10008320 f i BaseFileSystem.obj
 0001:00007360       ??$Destruct@VCSearchPath@@@@YAXPAVCSearchPath@@@Z 10008360 f i BaseFileSystem.obj
 0001:00007370       ?Element@?$CUtlVector@VCOpenedFile@@@@QBEABVCOpenedFile@@H@Z 10008370 f i BaseFileSystem.obj
 0001:00007390       ?Element@?$CUtlVector@VCOpenedFile@@@@QAEAAVCOpenedFile@@H@Z 10008390 f i BaseFileSystem.obj
 0001:000073b0       ?InsertBefore@?$CUtlVector@VCOpenedFile@@@@QAEHHABVCOpenedFile@@@Z 100083b0 f i BaseFileSystem.obj
 0001:00007400       ?Purge@?$CUtlVector@VCOpenedFile@@@@QAEXXZ 10008400 f i BaseFileSystem.obj
 0001:00007430       ?ShiftElementsLeft@?$CUtlVector@VCOpenedFile@@@@IAEXHH@Z 10008430 f i BaseFileSystem.obj
 0001:00007490       ?ResetDbgInfo@?$CUtlVector@VCOpenedFile@@@@IAEXXZ 10008490 f i BaseFileSystem.obj
 0001:000074b0       ??0?$CUtlMemory@VCOpenedFile@@@@QAE@HH@Z 100084b0 f i BaseFileSystem.obj
 0001:00007500       ??1?$CUtlMemory@VCOpenedFile@@@@QAE@XZ 10008500 f i BaseFileSystem.obj
 0001:00007520       ??A?$CUtlMemory@VCOpenedFile@@@@QAEAAVCOpenedFile@@H@Z 10008520 f i BaseFileSystem.obj
 0001:00007540       ??$Destruct@VCOpenedFile@@@@YAXPAVCOpenedFile@@@Z 10008540 f i BaseFileSystem.obj
 0001:00007550       ??_GFindData_t@@QAEPAXI@Z  10008550 f i BaseFileSystem.obj
 0001:00007580       ??_GCSearchPath@@QAEPAXI@Z 10008580 f i BaseFileSystem.obj
 0001:000075b0       ??_GCOpenedFile@@QAEPAXI@Z 100085b0 f i BaseFileSystem.obj
 0001:000075e0       ??1FindData_t@@QAE@XZ      100085e0 f i BaseFileSystem.obj
 0001:00007600       ?NewNode@?$CUtlRBTree@VCPackFileEntry@@H@@QAEHXZ 10008600 f i BaseFileSystem.obj
 0001:000076a0       ?LinkToParent@?$CUtlRBTree@VCPackFileEntry@@H@@IAEXHH_N@Z 100086a0 f i BaseFileSystem.obj
 0001:00007740       ?Links@?$CUtlRBTree@VCPackFileEntry@@H@@IBEABULinks_t@1@H@Z 10008740 f i BaseFileSystem.obj
 0001:000077c0       ??A?$CUtlMemory@UNode_t@?$CUtlRBTree@VCPackFileEntry@@H@@@@QBEABUNode_t@?$CUtlRBTree@VCPackFileEntry@@H@@H@Z 100087c0 f i BaseFileSystem.obj
 0001:000077e0       ??A?$CUtlMemory@UNode_t@?$CUtlRBTree@VCPackFileEntry@@H@@@@QAEAAUNode_t@?$CUtlRBTree@VCPackFileEntry@@H@@H@Z 100087e0 f i BaseFileSystem.obj
 0001:00007800       ?Purge@?$CUtlMemory@UNode_t@?$CUtlRBTree@VCPackFileEntry@@H@@@@QAEXXZ 10008800 f i BaseFileSystem.obj
 0001:00007850       ?Element@?$CUtlVector@PAU_iobuf@@@@QAEAAPAU_iobuf@@H@Z 10008850 f i BaseFileSystem.obj
 0001:00007870       ?GrowVector@?$CUtlVector@PAU_iobuf@@@@IAEXH@Z 10008870 f i BaseFileSystem.obj
 0001:000078d0       ?ShiftElementsRight@?$CUtlVector@PAU_iobuf@@@@IAEXHH@Z 100088d0 f i BaseFileSystem.obj
 0001:00007930       ?ShiftElementsLeft@?$CUtlVector@PAU_iobuf@@@@IAEXHH@Z 10008930 f i BaseFileSystem.obj
 0001:00007990       ??A?$CUtlMemory@PAU_iobuf@@@@QBEABQAU_iobuf@@H@Z 10008990 f i BaseFileSystem.obj
 0001:000079b0       ?Base@?$CUtlMemory@PAU_iobuf@@@@QAEPAPAU_iobuf@@XZ 100089b0 f i BaseFileSystem.obj
 0001:000079c0       ?IsExternallyAllocated@?$CUtlMemory@PAU_iobuf@@@@QBE_NXZ 100089c0 f i BaseFileSystem.obj
 0001:000079e0       ??$CopyConstruct@PAU_iobuf@@@@YAXPAPAU_iobuf@@ABQAU0@@Z 100089e0 f i BaseFileSystem.obj
 0001:00007a20       ??$Destruct@PAU_iobuf@@@@YAXPAPAU_iobuf@@@Z 10008a20 f i BaseFileSystem.obj
 0001:00007a30       ?RemoveAll@?$CUtlVector@UFindData_t@@@@QAEXXZ 10008a30 f i BaseFileSystem.obj
 0001:00007a80       ?GrowVector@?$CUtlVector@UFindData_t@@@@IAEXH@Z 10008a80 f i BaseFileSystem.obj
 0001:00007ae0       ?ShiftElementsRight@?$CUtlVector@UFindData_t@@@@IAEXHH@Z 10008ae0 f i BaseFileSystem.obj
 0001:00007b40       ?Base@?$CUtlMemory@UFindData_t@@@@QAEPAUFindData_t@@XZ 10008b40 f i BaseFileSystem.obj
 0001:00007b50       ?Purge@?$CUtlMemory@UFindData_t@@@@QAEXXZ 10008b50 f i BaseFileSystem.obj
 0001:00007ba0       ??$Construct@UFindData_t@@@@YAXPAUFindData_t@@@Z 10008ba0 f i BaseFileSystem.obj
 0001:00007be0       ?Base@?$CUtlMemory@VCSearchPath@@@@QAEPAVCSearchPath@@XZ 10008be0 f i BaseFileSystem.obj
 0001:00007bf0       ?NumAllocated@?$CUtlMemory@VCSearchPath@@@@QBEHXZ 10008bf0 f i BaseFileSystem.obj
 0001:00007c10       ?Grow@?$CUtlMemory@VCSearchPath@@@@QAEXH@Z 10008c10 f i BaseFileSystem.obj
 0001:00007cd0       ?IsExternallyAllocated@?$CUtlMemory@VCSearchPath@@@@QBE_NXZ 10008cd0 f i BaseFileSystem.obj
 0001:00007cf0       ?RemoveAll@?$CUtlVector@VCOpenedFile@@@@QAEXXZ 10008cf0 f i BaseFileSystem.obj
 0001:00007d40       ?GrowVector@?$CUtlVector@VCOpenedFile@@@@IAEXH@Z 10008d40 f i BaseFileSystem.obj
 0001:00007da0       ?ShiftElementsRight@?$CUtlVector@VCOpenedFile@@@@IAEXHH@Z 10008da0 f i BaseFileSystem.obj
 0001:00007e00       ??A?$CUtlMemory@VCOpenedFile@@@@QBEABVCOpenedFile@@H@Z 10008e00 f i BaseFileSystem.obj
 0001:00007e20       ?Base@?$CUtlMemory@VCOpenedFile@@@@QAEPAVCOpenedFile@@XZ 10008e20 f i BaseFileSystem.obj
 0001:00007e30       ?Purge@?$CUtlMemory@VCOpenedFile@@@@QAEXXZ 10008e30 f i BaseFileSystem.obj
 0001:00007e80       ??$CopyConstruct@VCOpenedFile@@@@YAXPAVCOpenedFile@@ABV0@@Z 10008e80 f i BaseFileSystem.obj
 0001:00007ec0       ??0FindData_t@@QAE@XZ      10008ec0 f i BaseFileSystem.obj
 0001:00007ee0       ?Links@?$CUtlRBTree@VCPackFileEntry@@H@@IAEAAULinks_t@1@H@Z 10008ee0 f i BaseFileSystem.obj
 0001:00007f00       ?InsertRebalance@?$CUtlRBTree@VCPackFileEntry@@H@@IAEXH@Z 10008f00 f i BaseFileSystem.obj
 0001:00008120       ?NumAllocated@?$CUtlMemory@UNode_t@?$CUtlRBTree@VCPackFileEntry@@H@@@@QBEHXZ 10009120 f i BaseFileSystem.obj
 0001:00008140       ?Grow@?$CUtlMemory@UNode_t@?$CUtlRBTree@VCPackFileEntry@@H@@@@QAEXH@Z 10009140 f i BaseFileSystem.obj
 0001:00008200       ?IsExternallyAllocated@?$CUtlMemory@UNode_t@?$CUtlRBTree@VCPackFileEntry@@H@@@@QBE_NXZ 10009200 f i BaseFileSystem.obj
 0001:00008220       ??$Construct@VCPackFileEntry@@@@YAXPAVCPackFileEntry@@@Z 10009220 f i BaseFileSystem.obj
 0001:00008260       ??A?$CUtlMemory@PAU_iobuf@@@@QAEAAPAU_iobuf@@H@Z 10009260 f i BaseFileSystem.obj
 0001:00008280       ?NumAllocated@?$CUtlMemory@PAU_iobuf@@@@QBEHXZ 10009280 f i BaseFileSystem.obj
 0001:000082a0       ?Grow@?$CUtlMemory@PAU_iobuf@@@@QAEXH@Z 100092a0 f i BaseFileSystem.obj
 0001:00008360       ?NumAllocated@?$CUtlMemory@UFindData_t@@@@QBEHXZ 10009360 f i BaseFileSystem.obj
 0001:00008380       ?Grow@?$CUtlMemory@UFindData_t@@@@QAEXH@Z 10009380 f i BaseFileSystem.obj
 0001:00008450       ?IsExternallyAllocated@?$CUtlMemory@UFindData_t@@@@QBE_NXZ 10009450 f i BaseFileSystem.obj
 0001:00008470       ?NumAllocated@?$CUtlMemory@VCOpenedFile@@@@QBEHXZ 10009470 f i BaseFileSystem.obj
 0001:00008490       ?Grow@?$CUtlMemory@VCOpenedFile@@@@QAEXH@Z 10009490 f i BaseFileSystem.obj
 0001:00008550       ?IsExternallyAllocated@?$CUtlMemory@VCOpenedFile@@@@QBE_NXZ 10009550 f i BaseFileSystem.obj
 0001:00008570       ?Parent@?$CUtlRBTree@VCPackFileEntry@@H@@QBEHH@Z 10009570 f i BaseFileSystem.obj
 0001:00008590       ?IsLeftChild@?$CUtlRBTree@VCPackFileEntry@@H@@QBE_NH@Z 10009590 f i BaseFileSystem.obj
 0001:000085c0       ?IsRightChild@?$CUtlRBTree@VCPackFileEntry@@H@@QBE_NH@Z 100095c0 f i BaseFileSystem.obj
 0001:000085f0       ?IsRoot@?$CUtlRBTree@VCPackFileEntry@@H@@QBE_NH@Z 100095f0 f i BaseFileSystem.obj
 0001:00008610       ?IsRed@?$CUtlRBTree@VCPackFileEntry@@H@@IBE_NH@Z 10009610 f i BaseFileSystem.obj
 0001:00008640       ?Color@?$CUtlRBTree@VCPackFileEntry@@H@@IBE?AW4NodeColor_t@1@H@Z 10009640 f i BaseFileSystem.obj
 0001:00008660       ?SetColor@?$CUtlRBTree@VCPackFileEntry@@H@@IAEXHW4NodeColor_t@1@@Z 10009660 f i BaseFileSystem.obj
 0001:00008680       ?RotateLeft@?$CUtlRBTree@VCPackFileEntry@@H@@IAEXH@Z 10009680 f i BaseFileSystem.obj
 0001:000087a0       ?RotateRight@?$CUtlRBTree@VCPackFileEntry@@H@@IAEXH@Z 100097a0 f i BaseFileSystem.obj
 0001:000088c0       ?SetParent@?$CUtlRBTree@VCPackFileEntry@@H@@IAEXHH@Z 100098c0 f i BaseFileSystem.obj
 0001:000088e0       ?SetLeftChild@?$CUtlRBTree@VCPackFileEntry@@H@@IAEXHH@Z 100098e0 f i BaseFileSystem.obj
 0001:00008900       ?SetRightChild@?$CUtlRBTree@VCPackFileEntry@@H@@IAEXHH@Z 10009900 f i BaseFileSystem.obj
 0001:00008920       ??0Vector@@QAE@MMM@Z       10009920 f i BaseFileSystem.obj
 0001:00008950       ??0CFileSystem_Stdio@@QAE@XZ 10009950 f   filesystem_stdio.obj
 0001:00008980       ??1CFileSystem_Stdio@@QAE@XZ 10009980 f   filesystem_stdio.obj
 0001:000089b0       ?FS_fopen@CFileSystem_Stdio@@MAEPAU_iobuf@@PBD0@Z 100099b0 f   filesystem_stdio.obj
 0001:000089e0       ?FS_fclose@CFileSystem_Stdio@@MAEXPAU_iobuf@@@Z 100099e0 f   filesystem_stdio.obj
 0001:00008a00       ?FS_fseek@CFileSystem_Stdio@@MAEXPAU_iobuf@@JH@Z 10009a00 f   filesystem_stdio.obj
 0001:00008a30       ?FS_ftell@CFileSystem_Stdio@@MAEJPAU_iobuf@@@Z 10009a30 f   filesystem_stdio.obj
 0001:00008a50       ?FS_feof@CFileSystem_Stdio@@MAEHPAU_iobuf@@@Z 10009a50 f   filesystem_stdio.obj
 0001:00008a70       ?FS_fread@CFileSystem_Stdio@@MAEIPAXIIPAU_iobuf@@@Z 10009a70 f   filesystem_stdio.obj
 0001:00008aa0       ?FS_fwrite@CFileSystem_Stdio@@MAEIPBXIIPAU_iobuf@@@Z 10009aa0 f   filesystem_stdio.obj
 0001:00008ad0       ?FS_vfprintf@CFileSystem_Stdio@@MAEIPAU_iobuf@@PBDPAD@Z 10009ad0 f   filesystem_stdio.obj
 0001:00008b00       ?FS_ferror@CFileSystem_Stdio@@MAEHPAU_iobuf@@@Z 10009b00 f   filesystem_stdio.obj
 0001:00008b20       ?FS_fflush@CFileSystem_Stdio@@MAEHPAU_iobuf@@@Z 10009b20 f   filesystem_stdio.obj
 0001:00008b40       ?FS_fgets@CFileSystem_Stdio@@MAEPADPADHPAU_iobuf@@@Z 10009b40 f   filesystem_stdio.obj
 0001:00008b70       ?FS_stat@CFileSystem_Stdio@@MAEHPBDPAU_stat@@@Z 10009b70 f   filesystem_stdio.obj
 0001:00008ba0       ?FS_FindFirstFile@CFileSystem_Stdio@@MAEPAXPADPAU_WIN32_FIND_DATAA@@@Z 10009ba0 f   filesystem_stdio.obj
 0001:00008bc0       ?FS_FindNextFile@CFileSystem_Stdio@@MAE_NPAXPAU_WIN32_FIND_DATAA@@@Z 10009bc0 f   filesystem_stdio.obj
 0001:00008bf0       ?FS_FindClose@CFileSystem_Stdio@@MAE_NPAX@Z 10009bf0 f   filesystem_stdio.obj
 0001:00008c10       ?IsFileImmediatelyAvailable@CFileSystem_Stdio@@MAE_NPBD@Z 10009c10 f   filesystem_stdio.obj
 0001:00008c20       ?GetLocalCopy@CFileSystem_Stdio@@UAEXPBD@Z 10009c20 f   filesystem_stdio.obj
 0001:00008c30       ?LogLevelLoadStarted@CFileSystem_Stdio@@UAEXPBD@Z 10009c30 f   filesystem_stdio.obj
 0001:00008c40       ?LogLevelLoadFinished@CFileSystem_Stdio@@UAEXPBD@Z 10009c40 f   filesystem_stdio.obj
 0001:00008c50       ?ProgressCounter@CFileSystem_Stdio@@UAEHXZ 10009c50 f   filesystem_stdio.obj
 0001:00008c60       ?HintResourceNeed@CFileSystem_Stdio@@UAEHPBDH@Z 10009c60 f   filesystem_stdio.obj
 0001:00008c70       ?BlockForResources@CFileSystem_Stdio@@UAEHPBD@Z 10009c70 f   filesystem_stdio.obj
 0001:00008c80       ?PauseResourcePreloading@CFileSystem_Stdio@@UAEHXZ 10009c80 f   filesystem_stdio.obj
 0001:00008c90       ?ResumeResourcePreloading@CFileSystem_Stdio@@UAEHXZ 10009c90 f   filesystem_stdio.obj
 0001:00008ca0       ?TrackProgress@CFileSystem_Stdio@@UAEXH@Z 10009ca0 f   filesystem_stdio.obj
 0001:00008cb0       ?RegisterAppProgressCallback@CFileSystem_Stdio@@UAEXP6AXXZH@Z 10009cb0 f   filesystem_stdio.obj
 0001:00008cc0       ?RegisterAppKeepAliveTicCallback@CFileSystem_Stdio@@UAEXP6AXPAD@Z@Z 10009cc0 f   filesystem_stdio.obj
 0001:00008cd0       ?UpdateProgress@CFileSystem_Stdio@@UAEXXZ 10009cd0 f   filesystem_stdio.obj
 0001:00008ce0       ?SetVBuf@CFileSystem_Stdio@@UAEHPAXPADHJ@Z 10009ce0 f   filesystem_stdio.obj
 0001:00008d30       ?GetInterfaceVersion@CFileSystem_Stdio@@UAEXPADH@Z 10009d30 f   filesystem_stdio.obj
 0001:00008d80       ?Close@CFileSystem_Stdio@@UAEXPAX@Z 10009d80 f i filesystem_stdio.obj
 0001:00008e04       _LoadLibraryA@4            10009e04 f   kernel32:KERNEL32.dll
 0001:00008e0a       _FreeLibrary@4             10009e0a f   kernel32:KERNEL32.dll
 0001:00008e10       _GetProcAddress@8          10009e10 f   kernel32:KERNEL32.dll
 0001:00008e16       _GetModuleHandleA@4        10009e16 f   kernel32:KERNEL32.dll
 0001:00008e1c       _OutputDebugStringA@4      10009e1c f   kernel32:KERNEL32.dll
 0001:00008e22       _GetCurrentDirectoryA@8    10009e22 f   kernel32:KERNEL32.dll
 0001:00008e28       _FindFirstFileA@8          10009e28 f   kernel32:KERNEL32.dll
 0001:00008e2e       _FindNextFileA@8           10009e2e f   kernel32:KERNEL32.dll
 0001:00008e34       _FindClose@4               10009e34 f   kernel32:KERNEL32.dll
 0001:00008e40       _memset                    10009e40 f   LIBC:memset.obj
 0001:00008ea0       _strncmp                   10009ea0 f   LIBC:strncmp.obj
 0001:00008ee0       _strlen                    10009ee0 f   LIBC:strlen.obj
 0001:00008f60       _strcmp                    10009f60 f   LIBC:strcmp.obj
 0001:00008fe4       ??2@YAPAXI@Z               10009fe4 f   LIBC:new.obj
 0001:00009000       _memcpy                    1000a000 f   LIBC:memcpy.obj
 0001:00009340       _memmove                   1000a340 f   LIBC:memmove.obj
 0001:00009675       __onexit                   1000a675 f   LIBC:onexit.obj
 0001:000096e2       _atexit                    1000a6e2 f   LIBC:onexit.obj
 0001:000096f4       ___onexitinit              1000a6f4 f   LIBC:onexit.obj
 0001:00009723       ??3@YAXPAX@Z               1000a723 f   LIBC:delete.obj
 0001:0000972e       ??1type_info@@UAE@XZ       1000a72e f   LIBC:typinfo.obj
 0001:00009743       ??_Etype_info@@UAEPAXI@Z   1000a743 f i LIBC:typinfo.obj
 0001:00009743       ??_Gtype_info@@UAEPAXI@Z   1000a743 f i LIBC:typinfo.obj
 0001:0000975f       ??8type_info@@QBEHABV0@@Z  1000a75f f   LIBC:typinfo.obj
 0001:0000977a       ??9type_info@@QBEHABV0@@Z  1000a77a f   LIBC:typinfo.obj
 0001:00009796       ?before@type_info@@QBEHABV1@@Z 1000a796 f   LIBC:typinfo.obj
 0001:000097b5       ?raw_name@type_info@@QBEPBDXZ 1000a7b5 f   LIBC:typinfo.obj
 0001:000097b9       ??0type_info@@AAE@ABV0@@Z  1000a7b9 f   LIBC:typinfo.obj
 0001:000097c4       ??4type_info@@AAEAAV0@ABV0@@Z 1000a7c4 f   LIBC:typinfo.obj
 0001:000097c9       __purecall                 1000a7c9 f   LIBC:purevirt.obj
 0001:000097e0       _strcpy                    1000a7e0 f   LIBC:strcat.obj
 0001:000097f0       _strcat                    1000a7f0 f   LIBC:strcat.obj
 0001:000098d0       __fsopen                   1000a8d0 f   LIBC:fopen.obj
 0001:000098f0       _fopen                     1000a8f0 f   LIBC:fopen.obj
 0001:00009903       _getenv                    1000a903 f   LIBC:getenv.obj
 0001:00009980       _strrchr                   1000a980 f   LIBC:strrchr.obj
 0001:000099a7       _fclose                    1000a9a7 f   LIBC:fclose.obj
 0001:000099fd       _sprintf                   1000a9fd f   LIBC:sprintf.obj
 0001:00009a50       _strncpy                   1000aa50 f   LIBC:strncpy.obj
 0001:00009b4e       _malloc                    1000ab4e f   LIBC:malloc.obj
 0001:00009b60       __nh_malloc                1000ab60 f   LIBC:malloc.obj
 0001:00009b8c       __heap_alloc               1000ab8c f   LIBC:malloc.obj
 0001:00009bd0       _strstr                    1000abd0 f   LIBC:strstr.obj
 0001:00009c50       _fprintf                   1000ac50 f   LIBC:fprintf.obj
 0001:00009ca0       _strchr                    1000aca0 f   LIBC:strchr.obj
 0001:00009ca6       ___from_strstr_to_strchr   1000aca6 f   LIBC:strchr.obj
 0001:00009d5c       _fgets                     1000ad5c f   LIBC:fgets.obj
 0001:00009db3       _feof                      1000adb3 f   LIBC:feoferr.obj
 0001:00009dbe       _ferror                    1000adbe f   LIBC:feoferr.obj
 0001:00009dc9       _perror                    1000adc9 f   LIBC:perror.obj
 0001:00009e35       ___dtoxmode                1000ae35 f   LIBC:stat.obj
 0001:00009eed       __stat                     1000aeed f   LIBC:stat.obj
 0001:0000a210       __alloca_probe             1000b210 f   LIBC:chkstk.obj
 0001:0000a210       __chkstk                   1000b210 f   LIBC:chkstk.obj
 0001:0000a23f       _ctime                     1000b23f f   LIBC:ctime.obj
 0001:0000a258       __mkdir                    1000b258 f   LIBC:mkdir.obj
 0001:0000a284       _rename                    1000b284 f   LIBC:rename.obj
 0001:0000a2b2       _printf                    1000b2b2 f   LIBC:printf.obj
 0001:0000a2e3       __vsnprintf                1000b2e3 f   LIBC:vsnprint.obj
 0001:0000a333       __fpmath                   1000b333 f   LIBC:fpinit.obj
 0001:0000a34a       __fpclear                  1000b34a f   LIBC:fpinit.obj
 0001:0000a34b       __cfltcvt_init             1000b34b f   LIBC:fpinit.obj
 0001:0000a383       ___setfflag                1000b383 f   LIBC:fpinit.obj
 0001:0000a393       _fseek                     1000b393 f   LIBC:fseek.obj
 0001:0000a41f       _ftell                     1000b41f f   LIBC:ftell.obj
 0001:0000a577       _fread                     1000b577 f   LIBC:fread.obj
 0001:0000a65f       _fwrite                    1000b65f f   LIBC:fwrite.obj
 0001:0000a769       _vfprintf                  1000b769 f   LIBC:vfprintf.obj
 0001:0000a79a       _fflush                    1000b79a f   LIBC:fflush.obj
 0001:0000a7d5       __flush                    1000b7d5 f   LIBC:fflush.obj
 0001:0000a831       __flushall                 1000b831 f   LIBC:fflush.obj
 0001:0000a8a7       _setvbuf                   1000b8a7 f   LIBC:setvbuf.obj
 0001:0000a948       __CRT_INIT@12              1000b948 f   LIBC:dllcrt0.obj
 0001:0000aa00       __DllMainCRTStartup@12     1000ba00 f   LIBC:dllcrt0.obj
 0001:0000aa9d       __amsg_exit                1000ba9d f   LIBC:dllcrt0.obj
 0001:0000aad0       _realloc                   1000bad0 f   LIBC:realloc.obj
 0001:0000abf0       __cinit                    1000bbf0 f   LIBC:crt0dat.obj
 0001:0000ac1d       _exit                      1000bc1d f   LIBC:crt0dat.obj
 0001:0000ac2e       __exit                     1000bc2e f   LIBC:crt0dat.obj
 0001:0000ac3f       __cexit                    1000bc3f f   LIBC:crt0dat.obj
 0001:0000ac4e       __c_exit                   1000bc4e f   LIBC:crt0dat.obj
 0001:0000ad10       __msize                    1000bd10 f   LIBC:msize.obj
 0001:0000ad39       _free                      1000bd39 f   LIBC:free.obj
 0001:0000ad68       __openfile                 1000bd68 f   LIBC:_open.obj
 0001:0000aed8       __getstream                1000bed8 f   LIBC:stream.obj
 0001:0000af50       __mbsnbicoll               1000bf50 f   LIBC:mbsnbico.obj
 0001:0000af8f       ___wtomb_environ           1000bf8f f   LIBC:wtombenv.obj
 0001:0000affd       __close                    1000bffd f   LIBC:close.obj
 0001:0000b0b0       __freebuf                  1000c0b0 f   LIBC:_freebuf.obj
 0001:0000b0db       __flsbuf                   1000c0db f   LIBC:_flsbuf.obj
 0001:0000b1f0       __output                   1000c1f0 f   LIBC:output.obj
 0001:0000b9fa       ?_set_new_handler@@YAP6AHI@ZP6AHI@Z@Z 1000c9fa f   LIBC:handler.obj
 0001:0000ba0a       ?_query_new_handler@@YAP6AHI@ZXZ 1000ca0a f   LIBC:handler.obj
 0001:0000ba10       __callnewh                 1000ca10 f   LIBC:handler.obj
 0001:0000ba2b       __heap_init                1000ca2b f   LIBC:heapinit.obj
 0001:0000ba67       __heap_term                1000ca67 f   LIBC:heapinit.obj
 0001:0000badc       __get_sbh_threshold        1000cadc f   LIBC:sbheap.obj
 0001:0000bae2       __set_sbh_threshold        1000cae2 f   LIBC:sbheap.obj
 0001:0000baf9       ___sbh_heap_init           1000caf9 f   LIBC:sbheap.obj
 0001:0000bb37       ___sbh_find_block          1000cb37 f   LIBC:sbheap.obj
 0001:0000bb62       ___sbh_free_block          1000cb62 f   LIBC:sbheap.obj
 0001:0000be8d       ___sbh_alloc_block         1000ce8d f   LIBC:sbheap.obj
 0001:0000c196       ___sbh_alloc_new_region    1000d196 f   LIBC:sbheap.obj
 0001:0000c247       ___sbh_alloc_new_group     1000d247 f   LIBC:sbheap.obj
 0001:0000c342       ___sbh_resize_block        1000d342 f   LIBC:sbheap.obj
 0001:0000c638       ___sbh_heapmin             1000d638 f   LIBC:sbheap.obj
 0001:0000c709       ___sbh_heap_check          1000d709 f   LIBC:sbheap.obj
 0001:0000ca38       __stbuf                    1000da38 f   LIBC:_sftbuf.obj
 0001:0000cac5       __ftbuf                    1000dac5 f   LIBC:_sftbuf.obj
 0001:0000cb02       __filbuf                   1000db02 f   LIBC:_filbuf.obj
 0001:0000cbdb       __write                    1000dbdb f   LIBC:write.obj
 0001:0000cd88       __mbsicmp                  1000dd88 f   LIBC:mbsicmp.obj
 0001:0000cef6       __mbsrchr                  1000def6 f   LIBC:mbsrchr.obj
 0001:0000cf56       __dosmaperr                1000df56 f   LIBC:dosmap.obj
 0001:0000cfbd       ___loctotime_t             1000dfbd f   LIBC:dtoxtime.obj
 0001:0000d07f       __fullpath                 1000e07f f   LIBC:fullpath.obj
 0001:0000d122       __getdrive                 1000e122 f   LIBC:drive.obj
 0001:0000d165       __chdrive                  1000e165 f   LIBC:drive.obj
 0001:0000d1bc       __mbctolower               1000e1bc f   LIBC:mbtolwr.obj
 0001:0000d237       __mbspbrk                  1000e237 f   LIBC:mbspbrk.obj
 0001:0000d2bc       _asctime                   1000e2bc f   LIBC:asctime.obj
 0001:0000d392       _localtime                 1000e392 f   LIBC:localtim.obj
 0001:0000d4f2       ___initstdio               1000e4f2 f   LIBC:_file.obj
 0001:0000d597       ___endstdio                1000e597 f   LIBC:_file.obj
 0001:0000d5ab       __setdefaultprecision      1000e5ab f   LIBC:fp8.obj
 0001:0000d5bd       __ms_p5_test_fdiv          1000e5bd f   LIBC:testfdiv.obj
 0001:0000d5fb       __ms_p5_mp_test_fdiv       1000e5fb f   LIBC:testfdiv.obj
 0001:0000d624       __forcdecpt                1000e624 f   LIBC:cvt.obj
 0001:0000d67e       __cropzeros                1000e67e f   LIBC:cvt.obj
 0001:0000d6cc       __positive                 1000e6cc f   LIBC:cvt.obj
 0001:0000d6e4       __fassign                  1000e6e4 f   LIBC:cvt.obj
 0001:0000d722       __cftoe                    1000e722 f   LIBC:cvt.obj
 0001:0000d826       __cftof                    1000e826 f   LIBC:cvt.obj
 0001:0000d904       __cftog                    1000e904 f   LIBC:cvt.obj
 0001:0000d9e9       __cfltcvt                  1000e9e9 f   LIBC:cvt.obj
 0001:0000da5f       __lseek                    1000ea5f f   LIBC:lseek.obj
 0001:0000daf9       __ioinit                   1000eaf9 f   LIBC:ioinit.obj
 0001:0000dca4       __ioterm                   1000eca4 f   LIBC:ioinit.obj
 0001:0000dcc7       __read                     1000ecc7 f   LIBC:read.obj
 0001:0000debd       __commit                   1000eebd f   LIBC:commit.obj
 0001:0000df14       __setenvp                  1000ef14 f   LIBC:stdenvp.obj
 0001:0000dfcd       __setargv                  1000efcd f   LIBC:stdargv.obj
 0001:0000e21a       ___crtGetEnvironmentStringsA 1000f21a f   LIBC:a_env.obj
 0001:0000e34c       _DllMain@12                1000f34c f   LIBC:dllmain.obj
 0001:0000e36c       __FF_MSGBANNER             1000f36c f   LIBC:crt0msg.obj
 0001:0000e3a5       __NMSG_WRITE               1000f3a5 f   LIBC:crt0msg.obj
 0001:0000e4f8       __GET_RTERRMSG             1000f4f8 f   LIBC:crt0msg.obj
 0001:0000e529       __open                     1000f529 f   LIBC:open.obj
 0001:0000e540       __sopen                    1000f540 f   LIBC:open.obj
 0001:0000e7f9       ___crtCompareStringA       1000f7f9 f   LIBC:a_cmp.obj
 0001:0000eaa1       __setmbcp                  1000faa1 f   LIBC:mbctype.obj
 0001:0000ee65       __getmbcp                  1000fe65 f   LIBC:mbctype.obj
 0001:0000ee75       ___initmbctable            1000fe75 f   LIBC:mbctype.obj
 0001:0000ee91       ___crtsetenv               1000fe91 f   LIBC:setenv.obj
 0001:0000f0d7       __alloc_osfhnd             100100d7 f   LIBC:osfinfo.obj
 0001:0000f16c       __set_osfhnd               1001016c f   LIBC:osfinfo.obj
 0001:0000f1e3       __free_osfhnd              100101e3 f   LIBC:osfinfo.obj
 0001:0000f25d       __get_osfhandle            1001025d f   LIBC:osfinfo.obj
 0001:0000f29a       __open_osfhandle           1001029a f   LIBC:osfinfo.obj
 0001:0000f337       __getbuf                   10010337 f   LIBC:_getbuf.obj
 0001:0000f37b       __isatty                   1001037b f   LIBC:isatty.obj
 0001:0000f3a1       _wctomb                    100103a1 f   LIBC:wctomb.obj
 0001:0000f410       __aulldiv                  10010410 f   LIBC:ulldiv.obj
 0001:0000f480       __aullrem                  10010480 f   LIBC:ullrem.obj
 0001:0000f4f5       ___crtLCMapStringA         100104f5 f   LIBC:a_map.obj
 0001:0000f750       __strcmpi                  10010750 f   LIBC:stricmp.obj
 0001:0000f750       __stricmp                  10010750 f   LIBC:stricmp.obj
 0001:0000f750       _strcmpi                   10010750 f   LIBC:stricmp.obj
 0001:0000f7dc       ___tzset                   100107dc f   LIBC:tzset.obj
 0001:0000f7f1       __tzset                    100107f1 f   LIBC:tzset.obj
 0001:0000fa4f       __isindst                  10010a4f f   LIBC:tzset.obj
 0001:0000fd3b       __getcwd                   10010d3b f   LIBC:getcwd.obj
 0001:0000fd4e       __getdcwd                  10010d4e f   LIBC:getcwd.obj
 0001:0000fe1f       __validdrive               10010e1f f   LIBC:getcwd.obj
 0001:0000fe56       __toupper                  10010e56 f   LIBC:toupper.obj
 0001:0000fe5e       _toupper                   10010e5e f   LIBC:toupper.obj
 0001:0000ff30       _strpbrk                   10010f30 f   LIBC:strpbrk.obj
 0001:0000ff6a       _gmtime                    10010f6a f   LIBC:gmtime.obj
 0001:00010063       _calloc                    10011063 f   LIBC:calloc.obj
 0001:000100e0       __fcloseall                100110e0 f   LIBC:closeall.obj
 0001:00010138       __statusfp                 10011138 f   LIBC:ieee87.obj
 0001:0001014b       __clearfp                  1001114b f   LIBC:ieee87.obj
 0001:0001015f       __control87                1001115f f   LIBC:ieee87.obj
 0001:00010194       __controlfp                10011194 f   LIBC:ieee87.obj
 0001:000101aa       __fpreset                  100111aa f   LIBC:ieee87.obj
 0001:00010324       __isctype                  10011324 f   LIBC:isctype.obj
 0001:00010399       __tolower                  10011399 f   LIBC:tolower.obj
 0001:000103a1       _tolower                   100113a1 f   LIBC:tolower.obj
 0001:0001046c       __ZeroTail                 1001146c f   LIBC:intrncvt.obj
 0001:000104b5       __IncMan                   100114b5 f   LIBC:intrncvt.obj
 0001:0001050b       __RoundMan                 1001150b f   LIBC:intrncvt.obj
 0001:00010597       __CopyMan                  10011597 f   LIBC:intrncvt.obj
 0001:000105b2       __FillZeroMan              100115b2 f   LIBC:intrncvt.obj
 0001:000105be       __IsZeroMan                100115be f   LIBC:intrncvt.obj
 0001:000105d9       __ShrMan                   100115d9 f   LIBC:intrncvt.obj
 0001:00010666       __ld12cvt                  10011666 f   LIBC:intrncvt.obj
 0001:000107d2       __ld12tod                  100117d2 f   LIBC:intrncvt.obj
 0001:000107e8       __ld12tof                  100117e8 f   LIBC:intrncvt.obj
 0001:000107fe       __ld12told                 100117fe f   LIBC:intrncvt.obj
 0001:00010878       __atodbl                   10011878 f   LIBC:intrncvt.obj
 0001:000108a5       __atoldbl                  100118a5 f   LIBC:intrncvt.obj
 0001:000108d3       __atoflt                   100118d3 f   LIBC:intrncvt.obj
 0001:00010900       __fptostr                  10011900 f   LIBC:_fptostr.obj
 0001:00010977       __fltout                   10011977 f   LIBC:cfout.obj
 0001:000109db       ___dtold                   100119db f   LIBC:cfout.obj
 0001:00010a91       __fptrap                   10011a91 f   LIBC:crt0fp.obj
 0001:00010a9a       ___crtMessageBoxA          10011a9a f   LIBC:crtmbox.obj
 0001:00010b23       __chsize                   10011b23 f   LIBC:chsize.obj
 0001:00010c6c       __global_unwind2           10011c6c f   LIBC:exsup.obj
 0001:00010cae       __local_unwind2            10011cae f   LIBC:exsup.obj
 0001:00010d06       __NLG_Return2              10011d06 f   LIBC:exsup.obj
 0001:00010d16       __abnormal_termination     10011d16 f   LIBC:exsup.obj
 0001:00010d39       __NLG_Notify1              10011d39 f   LIBC:exsup.obj
 0001:00010d42       __NLG_Notify               10011d42 f   LIBC:exsup.obj
 0001:00010d55       __NLG_Dispatch             10011d55 f   LIBC:exsup.obj
 0001:00010d64       __except_handler3          10011d64 f   LIBC:exsup3.obj
 0001:00010e21       __seh_longjmp_unwind@4     10011e21 f   LIBC:exsup3.obj
 0001:00010e3c       ___crtGetStringTypeA       10011e3c f   LIBC:a_str.obj
 0001:00010f85       __mbschr                   10011f85 f   LIBC:mbschr.obj
 0001:00010ff8       __strdup                   10011ff8 f   LIBC:strdup.obj
 0001:00011023       _atol                      10012023 f   LIBC:atox.obj
 0001:000110ae       _atoi                      100120ae f   LIBC:atox.obj
 0001:000110b9       __atoi64                   100120b9 f   LIBC:atox.obj
 0001:00011173       __XcptFilter               10012173 f   LIBC:winxfltr.obj
 0001:000112f7       ___addl                    100122f7 f   LIBC:mantold.obj
 0001:00011318       ___add_12                  10012318 f   LIBC:mantold.obj
 0001:00011376       ___shl_12                  10012376 f   LIBC:mantold.obj
 0001:000113a4       ___shr_12                  100123a4 f   LIBC:mantold.obj
 0001:000113d1       ___mtold12                 100123d1 f   LIBC:mantold.obj
 0001:00011498       ___strgtold12              10012498 f   LIBC:strgtold.obj
 0001:00011969       ___STRINGTOLD              10012969 f   LIBC:strgtold.obj
 0001:000119a5       _$I10_OUTPUT               100129a5 f   LIBC:x10fout.obj
 0001:00011c38       __setmode                  10012c38 f   LIBC:setmode.obj
 0001:00011cb0       __allmul                   10012cb0 f   LIBC:llmul.obj
 0001:00011ce4       ___ld12mul                 10012ce4 f   LIBC:tenpow.obj
 0001:00011f04       ___multtenpow12            10012f04 f   LIBC:tenpow.obj
 0001:00011f80       _Q_snprintf                10012f80 f   vstdlib:vstdlib.dll
 0001:00011f86       _CommandLine               10012f86 f   vstdlib:vstdlib.dll
 0001:00011f8c       _Plat_Alloc                10012f8c f   tier0:tier0.dll
 0001:00011f92       _Plat_Free                 10012f92 f   tier0:tier0.dll
 0001:00011f98       _Plat_Realloc              10012f98 f   tier0:tier0.dll
 0001:00011f9e       ?EnterScope@CVProfile@@QAEXPBDH0_N@Z 10012f9e f   tier0:tier0.dll
 0001:00011fa4       ?ExitScope@CVProfile@@QAEXXZ 10012fa4 f   tier0:tier0.dll
 0001:00011faa       _HeapAlloc@12              10012faa f   kernel32:KERNEL32.dll
 0001:00011fb0       _GetLastError@0            10012fb0 f   kernel32:KERNEL32.dll
 0001:00011fb6       _FileTimeToSystemTime@8    10012fb6 f   kernel32:KERNEL32.dll
 0001:00011fbc       _FileTimeToLocalFileTime@8 10012fbc f   kernel32:KERNEL32.dll
 0001:00011fc2       _GetDriveTypeA@4           10012fc2 f   kernel32:KERNEL32.dll
 0001:00011fc8       _CreateDirectoryA@8        10012fc8 f   kernel32:KERNEL32.dll
 0001:00011fce       _MoveFileA@8               10012fce f   kernel32:KERNEL32.dll
 0001:00011fd4       _GetCommandLineA@0         10012fd4 f   kernel32:KERNEL32.dll
 0001:00011fda       _GetVersion@0              10012fda f   kernel32:KERNEL32.dll
 0001:00011fe0       _HeapReAlloc@16            10012fe0 f   kernel32:KERNEL32.dll
 0001:00011fe6       _ExitProcess@4             10012fe6 f   kernel32:KERNEL32.dll
 0001:00011fec       _TerminateProcess@8        10012fec f   kernel32:KERNEL32.dll
 0001:00011ff2       _GetCurrentProcess@0       10012ff2 f   kernel32:KERNEL32.dll
 0001:00011ff8       _HeapSize@12               10012ff8 f   kernel32:KERNEL32.dll
 0001:00011ffe       _HeapFree@12               10012ffe f   kernel32:KERNEL32.dll
 0001:00012004       _WideCharToMultiByte@32    10013004 f   kernel32:KERNEL32.dll
 0001:0001200a       _CloseHandle@4             1001300a f   kernel32:KERNEL32.dll
 0001:00012010       _HeapDestroy@4             10013010 f   kernel32:KERNEL32.dll
 0001:00012016       _HeapCreate@12             10013016 f   kernel32:KERNEL32.dll
 0001:0001201c       _VirtualFree@12            1001301c f   kernel32:KERNEL32.dll
 0001:00012022       _VirtualAlloc@16           10013022 f   kernel32:KERNEL32.dll
 0001:00012028       _IsBadWritePtr@8           10013028 f   kernel32:KERNEL32.dll
 0001:0001202e       _WriteFile@20              1001302e f   kernel32:KERNEL32.dll
 0001:00012034       _GetFullPathNameA@16       10013034 f   kernel32:KERNEL32.dll
 0001:0001203a       _SetCurrentDirectoryA@4    1001303a f   kernel32:KERNEL32.dll
 0001:00012040       _SetFilePointer@16         10013040 f   kernel32:KERNEL32.dll
 0001:00012046       _SetHandleCount@4          10013046 f   kernel32:KERNEL32.dll
 0001:0001204c       _GetStdHandle@4            1001304c f   kernel32:KERNEL32.dll
 0001:00012052       _GetFileType@4             10013052 f   kernel32:KERNEL32.dll
 0001:00012058       _GetStartupInfoA@4         10013058 f   kernel32:KERNEL32.dll
 0001:0001205e       _ReadFile@20               1001305e f   kernel32:KERNEL32.dll
 0001:00012064       _FlushFileBuffers@4        10013064 f   kernel32:KERNEL32.dll
 0001:0001206a       _GetModuleFileNameA@12     1001306a f   kernel32:KERNEL32.dll
 0001:00012070       _FreeEnvironmentStringsA@4 10013070 f   kernel32:KERNEL32.dll
 0001:00012076       _FreeEnvironmentStringsW@4 10013076 f   kernel32:KERNEL32.dll
 0001:0001207c       _GetEnvironmentStrings@0   1001307c f   kernel32:KERNEL32.dll
 0001:00012082       _GetEnvironmentStringsW@0  10013082 f   kernel32:KERNEL32.dll
 0001:00012088       _DisableThreadLibraryCalls@4 10013088 f   kernel32:KERNEL32.dll
 0001:0001208e       _CreateFileA@28            1001308e f   kernel32:KERNEL32.dll
 0001:00012094       _MultiByteToWideChar@24    10013094 f   kernel32:KERNEL32.dll
 0001:0001209a       _GetCPInfo@8               1001309a f   kernel32:KERNEL32.dll
 0001:000120a0       _CompareStringA@24         100130a0 f   kernel32:KERNEL32.dll
 0001:000120a6       _CompareStringW@24         100130a6 f   kernel32:KERNEL32.dll
 0001:000120ac       _GetACP@0                  100130ac f   kernel32:KERNEL32.dll
 0001:000120b2       _GetOEMCP@0                100130b2 f   kernel32:KERNEL32.dll
 0001:000120b8       _SetEnvironmentVariableA@8 100130b8 f   kernel32:KERNEL32.dll
 0001:000120be       _SetStdHandle@8            100130be f   kernel32:KERNEL32.dll
 0001:000120c4       _LCMapStringA@24           100130c4 f   kernel32:KERNEL32.dll
 0001:000120ca       _LCMapStringW@24           100130ca f   kernel32:KERNEL32.dll
 0001:000120d0       _GetTimeZoneInformation@4  100130d0 f   kernel32:KERNEL32.dll
 0001:000120d6       _SetEndOfFile@4            100130d6 f   kernel32:KERNEL32.dll
 0001:000120dc       _RtlUnwind@16              100130dc f   kernel32:KERNEL32.dll
 0001:000120e2       _GetStringTypeA@20         100130e2 f   kernel32:KERNEL32.dll
 0001:000120e8       _GetStringTypeW@16         100130e8 f   kernel32:KERNEL32.dll
 0001:000120ee       _UnhandledExceptionFilter@4 100130ee f   kernel32:KERNEL32.dll
 0001:000120f4       __strlwr                   100130f4 f   LIBC:strlwr.obj
 0001:000120f4       _strlwr                    100130f4 f   LIBC:strlwr.obj
 0001:000121a0       __strnicmp                 100131a0 f   LIBC:strnicmp.obj
 0001:000121a0       _strnicmp                  100131a0 f   LIBC:strnicmp.obj
 0001:0001224d       _remove                    1001324d f   LIBC:unlink.obj
 0001:00012277       _unlink                    10013277 f   LIBC:unlink.obj
 0001:00012277       __unlink                   10013277 f   LIBC:unlink.obj
 0001:00012282       _DeleteFileA@4             10013282 f   kernel32:KERNEL32.dll
 0002:00000000       __imp__LoadLibraryA@4      10014000     kernel32:KERNEL32.dll
 0002:00000004       __imp__FreeLibrary@4       10014004     kernel32:KERNEL32.dll
 0002:00000008       __imp__GetProcAddress@8    10014008     kernel32:KERNEL32.dll
 0002:0000000c       __imp__GetModuleHandleA@4  1001400c     kernel32:KERNEL32.dll
 0002:00000010       __imp__OutputDebugStringA@4 10014010     kernel32:KERNEL32.dll
 0002:00000014       __imp__GetCurrentDirectoryA@8 10014014     kernel32:KERNEL32.dll
 0002:00000018       __imp__FindFirstFileA@8    10014018     kernel32:KERNEL32.dll
 0002:0000001c       __imp__FindNextFileA@8     1001401c     kernel32:KERNEL32.dll
 0002:00000020       __imp__FindClose@4         10014020     kernel32:KERNEL32.dll
 0002:00000024       __imp__UnhandledExceptionFilter@4 10014024     kernel32:KERNEL32.dll
 0002:00000028       __imp__GetStringTypeW@16   10014028     kernel32:KERNEL32.dll
 0002:0000002c       __imp__GetStringTypeA@20   1001402c     kernel32:KERNEL32.dll
 0002:00000030       __imp__RtlUnwind@16        10014030     kernel32:KERNEL32.dll
 0002:00000034       __imp__SetEndOfFile@4      10014034     kernel32:KERNEL32.dll
 0002:00000038       __imp__GetTimeZoneInformation@4 10014038     kernel32:KERNEL32.dll
 0002:0000003c       __imp__LCMapStringW@24     1001403c     kernel32:KERNEL32.dll
 0002:00000040       __imp__LCMapStringA@24     10014040     kernel32:KERNEL32.dll
 0002:00000044       __imp__SetStdHandle@8      10014044     kernel32:KERNEL32.dll
 0002:00000048       __imp__SetEnvironmentVariableA@8 10014048     kernel32:KERNEL32.dll
 0002:0000004c       __imp__HeapAlloc@12        1001404c     kernel32:KERNEL32.dll
 0002:00000050       __imp__GetLastError@0      10014050     kernel32:KERNEL32.dll
 0002:00000054       __imp__FileTimeToSystemTime@8 10014054     kernel32:KERNEL32.dll
 0002:00000058       __imp__FileTimeToLocalFileTime@8 10014058     kernel32:KERNEL32.dll
 0002:0000005c       __imp__GetDriveTypeA@4     1001405c     kernel32:KERNEL32.dll
 0002:00000060       __imp__CreateDirectoryA@8  10014060     kernel32:KERNEL32.dll
 0002:00000064       __imp__MoveFileA@8         10014064     kernel32:KERNEL32.dll
 0002:00000068       __imp__GetCommandLineA@0   10014068     kernel32:KERNEL32.dll
 0002:0000006c       __imp__GetVersion@0        1001406c     kernel32:KERNEL32.dll
 0002:00000070       __imp__HeapReAlloc@16      10014070     kernel32:KERNEL32.dll
 0002:00000074       __imp__ExitProcess@4       10014074     kernel32:KERNEL32.dll
 0002:00000078       __imp__TerminateProcess@8  10014078     kernel32:KERNEL32.dll
 0002:0000007c       __imp__GetCurrentProcess@0 1001407c     kernel32:KERNEL32.dll
 0002:00000080       __imp__HeapSize@12         10014080     kernel32:KERNEL32.dll
 0002:00000084       __imp__HeapFree@12         10014084     kernel32:KERNEL32.dll
 0002:00000088       __imp__WideCharToMultiByte@32 10014088     kernel32:KERNEL32.dll
 0002:0000008c       __imp__CloseHandle@4       1001408c     kernel32:KERNEL32.dll
 0002:00000090       __imp__HeapDestroy@4       10014090     kernel32:KERNEL32.dll
 0002:00000094       __imp__HeapCreate@12       10014094     kernel32:KERNEL32.dll
 0002:00000098       __imp__VirtualFree@12      10014098     kernel32:KERNEL32.dll
 0002:0000009c       __imp__VirtualAlloc@16     1001409c     kernel32:KERNEL32.dll
 0002:000000a0       __imp__IsBadWritePtr@8     100140a0     kernel32:KERNEL32.dll
 0002:000000a4       __imp__WriteFile@20        100140a4     kernel32:KERNEL32.dll
 0002:000000a8       __imp__GetFullPathNameA@16 100140a8     kernel32:KERNEL32.dll
 0002:000000ac       __imp__SetCurrentDirectoryA@4 100140ac     kernel32:KERNEL32.dll
 0002:000000b0       __imp__SetFilePointer@16   100140b0     kernel32:KERNEL32.dll
 0002:000000b4       __imp__SetHandleCount@4    100140b4     kernel32:KERNEL32.dll
 0002:000000b8       __imp__GetStdHandle@4      100140b8     kernel32:KERNEL32.dll
 0002:000000bc       __imp__GetFileType@4       100140bc     kernel32:KERNEL32.dll
 0002:000000c0       __imp__GetStartupInfoA@4   100140c0     kernel32:KERNEL32.dll
 0002:000000c4       __imp__ReadFile@20         100140c4     kernel32:KERNEL32.dll
 0002:000000c8       __imp__FlushFileBuffers@4  100140c8     kernel32:KERNEL32.dll
 0002:000000cc       __imp__GetModuleFileNameA@12 100140cc     kernel32:KERNEL32.dll
 0002:000000d0       __imp__FreeEnvironmentStringsA@4 100140d0     kernel32:KERNEL32.dll
 0002:000000d4       __imp__FreeEnvironmentStringsW@4 100140d4     kernel32:KERNEL32.dll
 0002:000000d8       __imp__GetEnvironmentStrings@0 100140d8     kernel32:KERNEL32.dll
 0002:000000dc       __imp__GetEnvironmentStringsW@0 100140dc     kernel32:KERNEL32.dll
 0002:000000e0       __imp__DisableThreadLibraryCalls@4 100140e0     kernel32:KERNEL32.dll
 0002:000000e4       __imp__CreateFileA@28      100140e4     kernel32:KERNEL32.dll
 0002:000000e8       __imp__MultiByteToWideChar@24 100140e8     kernel32:KERNEL32.dll
 0002:000000ec       __imp__GetCPInfo@8         100140ec     kernel32:KERNEL32.dll
 0002:000000f0       __imp__CompareStringA@24   100140f0     kernel32:KERNEL32.dll
 0002:000000f4       __imp__CompareStringW@24   100140f4     kernel32:KERNEL32.dll
 0002:000000f8       __imp__GetACP@0            100140f8     kernel32:KERNEL32.dll
 0002:000000fc       __imp__GetOEMCP@0          100140fc     kernel32:KERNEL32.dll
 0002:00000100       __imp__DeleteFileA@4       10014100     kernel32:KERNEL32.dll
 0002:00000104       \177KERNEL32_NULL_THUNK_DATA 10014104     kernel32:KERNEL32.dll
 0002:00000108       __imp_?ExitScope@CVProfile@@QAEXXZ 10014108     tier0:tier0.dll
 0002:0000010c       __imp__g_VProfCurrentProfile 1001410c     tier0:tier0.dll
 0002:00000110       __imp_?EnterScope@CVProfile@@QAEXPBDH0_N@Z 10014110     tier0:tier0.dll
 0002:00000114       __imp__Plat_Realloc        10014114     tier0:tier0.dll
 0002:00000118       __imp__Plat_Free           10014118     tier0:tier0.dll
 0002:0000011c       __imp__Plat_Alloc          1001411c     tier0:tier0.dll
 0002:00000120       \177tier0_NULL_THUNK_DATA  10014120     tier0:tier0.dll
 0002:00000124       __imp__Q_snprintf          10014124     vstdlib:vstdlib.dll
 0002:00000128       __imp__CommandLine         10014128     vstdlib:vstdlib.dll
 0002:0000012c       \177vstdlib_NULL_THUNK_DATA 1001412c     vstdlib:vstdlib.dll
 0002:0000014c       ??_C@_06DAJAKOAL@?$CFs?4dll?$AA@ 1001414c     interface.obj
 0002:00000154       ??_C@_0BA@OBHPCBFP@CreateInterface?$AA@ 10014154     interface.obj
 0002:00000164       ??_C@_00CNPNBAHC@?$AA@     10014164     utlsymbol.obj
 0002:0000016c       ??_7CBaseFileSystem@@6BIAppSystem@@@ 1001416c     BaseFileSystem.obj
 0002:00000184       ??_7CBaseFileSystem@@6BIBaseFileSystem@@@ 10014184     BaseFileSystem.obj
 0002:000002a0       ??_7IFileSystem@@6BIAppSystem@@@ 100142a0     BaseFileSystem.obj
 0002:000002bc       ??_7IFileSystem@@6BIBaseFileSystem@@@ 100142bc     BaseFileSystem.obj
 0002:0000039c       ??_7IBaseFileSystem@@6B@   1001439c     BaseFileSystem.obj
 0002:000003d4       ??_7IAppSystem@@6B@        100143d4     BaseFileSystem.obj
 0002:000003e8       ??_C@_0BA@PDPKJDAD@EXECUTABLE_PATH?$AA@ 100143e8     BaseFileSystem.obj
 0002:000003f8       ??_C@_01NOFIACDB@w?$AA@    100143f8     BaseFileSystem.obj
 0002:000003fc       ??_C@_06KFMHEHON@fs_log?$AA@ 100143fc     BaseFileSystem.obj
 0002:00000404       ??_C@_08OKNDMBHA@fs_debug?$AA@ 10014404     BaseFileSystem.obj
 0002:00000410       ??_C@_0BH@JOOHJBA@?9?9?9FS?3?5?5open?5?$CFs?5?$CFp?5?$CFi?6?$AA@ 10014410     BaseFileSystem.obj
 0002:00000428       ??_C@_0CI@OKALHIDH@Tried?5to?5close?5unknown?5file?5poin@ 10014428     BaseFileSystem.obj
 0002:00000450       ??_C@_0BI@CAIKNFNK@?9?9?9FS?3?5?5close?5?$CFs?5?$CFp?5?$CFi?6?$AA@ 10014450     BaseFileSystem.obj
 0002:00000468       ??_C@_0DF@DFPDAEPE@Tried?5to?5read?5?$CFi?5bytes?5from?5unkn@ 10014468     BaseFileSystem.obj
 0002:000004a0       ??_C@_0BH@EODDIPAJ@?9?9?9FS?3?5?5read?5?$CFs?5?$CFi?5?$CFp?6?$AA@ 100144a0     BaseFileSystem.obj
 0002:000004b8       ??_C@_0DG@NHJBIEIF@Tried?5to?5write?5?$CFi?5bytes?5from?5unk@ 100144b8     BaseFileSystem.obj
 0002:000004f0       ??_C@_0BI@JBCKGLL@?9?9?9FS?3?5?5write?5?$CFs?5?$CFi?5?$CFp?6?$AA@ 100144f0     BaseFileSystem.obj
 0002:00000508       ??_C@_0BK@ICCIOOFM@File?5?$CFs?5was?5never?5closed?6?$AA@ 10014508     BaseFileSystem.obj
 0002:00000524       ??_C@_0DE@NDDOPBLG@?$CFs?5out?5of?5memory?5allocating?5dire@ 10014524     BaseFileSystem.obj
 0002:00000558       ??_C@_02JDPG@rb?$AA@       10014558     BaseFileSystem.obj
 0002:0000055c       ??_C@_04HDOCAJNK@?$CFs?$CFs?$AA@ 1001455c     BaseFileSystem.obj
 0002:00000564       ??_C@_09BLKDENK@zip?$CFi?4zip?$AA@ 10014564     BaseFileSystem.obj
 0002:00000570       ??_C@_0DE@LGEHNHAJ@Couldn?8t?5open?5?4bsp?5?$CFs?5for?5embedd@ 10014570     BaseFileSystem.obj
 0002:000005a4       ??_C@_02DPEMFEPD@?3?2?$AA@ 100145a4     BaseFileSystem.obj
 0002:000005a8       ??_C@_0L@KFNFGCAJ@?$CC?$CFs?$CC?5?$CC?$CFs?$CC?6?$AA@ 100145a8     BaseFileSystem.obj
 0002:000005b4       ??_C@_07HBFCGAOE@Paths?3?6?$AA@ 100145b4     BaseFileSystem.obj
 0002:000005bc       ??_C@_0BB@DKKMKEBK@?9?9?9?9?9?9?9?9?9?9?9?9?9?9?9?6?$AA@ 100145bc     BaseFileSystem.obj
 0002:000005d0       ??_C@_04KPILAJPA@?4bsp?$AA@ 100145d0     BaseFileSystem.obj
 0002:000005d8       ??_C@_02CEGDFPFP@?4?2?$AA@ 100145d8     BaseFileSystem.obj
 0002:000005dc       ??_C@_0CH@FMOJIFOM@Requested?5non?9existent?5write?5pat@ 100145dc     BaseFileSystem.obj
 0002:00000604       ??_C@_0DE@NDDMLCNI@_stat?5on?5file?5?$CFs?5which?5appeared?5@ 10014604     BaseFileSystem.obj
 0002:00000638       ??_C@_01EEMJAFIK@?6?$AA@   10014638     BaseFileSystem.obj
 0002:0000063c       ??_C@_0L@HPCECFOH@fs_debug?3?5?$AA@ 1001463c     BaseFileSystem.obj
 0002:00000648       ??_C@_02DKCKIIND@?$CFs?$AA@ 10014648     BaseFileSystem.obj
 0002:0000064c       ??_C@_0DA@PNHDIOBN@perl?5u?3?2hl2?2bin?2makedirhier?4pl?5?$CC@ 1001464c     BaseFileSystem.obj
 0002:0000067c       ??_C@_0CD@EGJBCNFC@copy?5?$CC?2srcdir?2?$CFs?$CC?5?$CC?2targetdir?2?$CFs@ 1001467c     BaseFileSystem.obj
 0002:000006a0       ??_C@_01JLIPDDHJ@?3?$AA@   100146a0     BaseFileSystem.obj
 0002:000006a4       ??_C@_0CH@CHEBCKAG@FS?3?5?5Specified?5two?5path?5IDs?5?$CI?$CFs?0@ 100146a4     BaseFileSystem.obj
 0002:000006cc       ??_C@_01MIFGBAGJ@?$CL?$AA@ 100146cc     BaseFileSystem.obj
 0002:000006d0       ??_C@_01KDCPPGHE@r?$AA@    100146d0     BaseFileSystem.obj
 0002:000006d4       ??_C@_0BG@FCCFOLPL@CBaseFileSystem?3?3Open?$AA@ 100146d4     BaseFileSystem.obj
 0002:000006ec       ??_C@_0L@FPFLHALM@FileSystem?$AA@ 100146ec     BaseFileSystem.obj
 0002:000006f8       ??_C@_0EB@NFEECJMD@FS?3?5?5Tried?5to?5Close?5NULL?5file?5po@ 100146f8     BaseFileSystem.obj
 0002:0000073c       ??_C@_0CH@LJBKBHDP@FS?3?5?5Tried?5to?5Close?5NULL?5file?5ha@ 1001473c     BaseFileSystem.obj
 0002:00000764       ??_C@_0BH@JLCGPLCC@CBaseFileSystem?3?3Close?$AA@ 10014764     BaseFileSystem.obj
 0002:0000077c       ??_C@_0BD@GIDHOKOK@Error?5opening?5file?$AA@ 1001477c     BaseFileSystem.obj
 0002:00000790       ??_C@_0EA@HFPIFEDH@FS?3?5?5Tried?5to?5Seek?5NULL?5file?5poi@ 10014790     BaseFileSystem.obj
 0002:000007d0       ??_C@_0CB@KCJIHCJG@Tried?5to?5Seek?5NULL?5file?5handle?$CB?6@ 100147d0     BaseFileSystem.obj
 0002:000007f4       ??_C@_0BG@ONIFMCJA@CBaseFileSystem?3?3Seek?$AA@ 100147f4     BaseFileSystem.obj
 0002:00000810       ??_C@_0EA@JBNMKPGF@FS?3?5?5Tried?5to?5Tell?5NULL?5file?5poi@ 10014810     BaseFileSystem.obj
 0002:00000850       ??_C@_0CG@FAMGPFKG@FS?3?5?5Tried?5to?5Tell?5NULL?5file?5han@ 10014850     BaseFileSystem.obj
 0002:00000878       ??_C@_0BG@BPDFLDMI@CBaseFileSystem?3?3Tell?$AA@ 10014878     BaseFileSystem.obj
 0002:00000890       ??_C@_0EA@DOLGMCOE@FS?3?5?5Tried?5to?5Size?5NULL?5file?5poi@ 10014890     BaseFileSystem.obj
 0002:000008d0       ??_C@_0CG@BFLKEN@FS?3?5?5Tried?5to?5Size?5NULL?5file?5han@ 100148d0     BaseFileSystem.obj
 0002:000008f8       ??_C@_0BG@COKKLEOL@CBaseFileSystem?3?3Size?$AA@ 100148f8     BaseFileSystem.obj
 0002:00000910       ??_C@_0CD@IJCDKBIP@FS?3?5?5Tried?5to?5Size?5NULL?5filename@ 10014910     BaseFileSystem.obj
 0002:00000938       ??_C@_0EF@EBGPHCFJ@FS?3?5?5Tried?5to?5EndOfFile?5NULL?5fil@ 10014938     BaseFileSystem.obj
 0002:00000980       ??_C@_0CL@KLGPFNAN@FS?3?5?5Tried?5to?5EndOfFile?5NULL?5fil@ 10014980     BaseFileSystem.obj
 0002:000009b0       ??_C@_0EA@DPDKJPGG@FS?3?5?5Tried?5to?5Read?5NULL?5file?5poi@ 100149b0     BaseFileSystem.obj
 0002:000009f0       ??_C@_0CG@DHMDHPEA@FS?3?5?5Tried?5to?5Read?5NULL?5file?5han@ 100149f0     BaseFileSystem.obj
 0002:00000a18       ??_C@_0BG@FAHEFPDD@CBaseFileSystem?3?3Read?$AA@ 10014a18     BaseFileSystem.obj
 0002:00000a30       ??_C@_0EB@BEILCPN@FS?3?5?5Tried?5to?5Write?5NULL?5file?5po@ 10014a30     BaseFileSystem.obj
 0002:00000a74       ??_C@_0CH@IPPICHED@FS?3?5?5Tried?5to?5Write?5NULL?5file?5ha@ 10014a74     BaseFileSystem.obj
 0002:00000a9c       ??_C@_0BH@PMJFNLBF@CBaseFileSystem?3?3Write?$AA@ 10014a9c     BaseFileSystem.obj
 0002:00000ab8       ??_C@_0ED@HHMHEEEA@FS?3?5?5Tried?5to?5FPrintf?5NULL?5file?5@ 10014ab8     BaseFileSystem.obj
 0002:00000afc       ??_C@_0CJ@HECAJCPI@FS?3?5?5Tried?5to?5FPrintf?5NULL?5file?5@ 10014afc     BaseFileSystem.obj
 0002:00000b28       ??_C@_0BJ@IILICCBK@CBaseFileSystem?3?3FPrintf?$AA@ 10014b28     BaseFileSystem.obj
 0002:00000b48       ??_C@_0EA@OJIAAAMP@FS?3?5?5Tried?5to?5IsOk?5NULL?5file?5poi@ 10014b48     BaseFileSystem.obj
 0002:00000b88       ??_C@_0CG@CBDLAALA@FS?3?5?5Tried?5to?5IsOk?5NULL?5file?5han@ 10014b88     BaseFileSystem.obj
 0002:00000bb0       ??_C@_0EB@JHDMIGIA@FS?3?5?5Tried?5to?5Flush?5NULL?5file?5po@ 10014bb0     BaseFileSystem.obj
 0002:00000bf4       ??_C@_0CH@KDKAFFBK@FS?3?5?5Tried?5to?5Flush?5NULL?5file?5ha@ 10014bf4     BaseFileSystem.obj
 0002:00000c1c       ??_C@_0BH@EBOBKDCH@CBaseFileSystem?3?3Flush?$AA@ 10014c1c     BaseFileSystem.obj
 0002:00000c38       ??_C@_0EE@CKMCLPFG@FS?3?5?5Tried?5to?5ReadLine?5NULL?5file@ 10014c38     BaseFileSystem.obj
 0002:00000c7c       ??_C@_0CK@CNKAKJAN@FS?3?5?5Tried?5to?5ReadLine?5NULL?5file@ 10014c7c     BaseFileSystem.obj
 0002:00000ca8       ??_C@_0BK@CEKIKHMN@CBaseFileSystem?3?3ReadLine?$AA@ 10014ca8     BaseFileSystem.obj
 0002:00000cc4       ??_C@_0BN@FCIECDNO@CBaseFileSystem?3?3GetFileTime?$AA@ 10014cc4     BaseFileSystem.obj
 0002:00000ce4       ??_C@_0BM@MCLKKBOJ@CBaseFileSystem?3?3FileExists?$AA@ 10014ce4     BaseFileSystem.obj
 0002:00000d00       ??_C@_0BL@BMAMHOPB@CBaseFileSystem?3?3FindFirst?$AA@ 10014d00     BaseFileSystem.obj
 0002:00000d1c       ??_C@_0BK@PAHMBBM@CBaseFileSystem?3?3FindNext?$AA@ 10014d1c     BaseFileSystem.obj
 0002:00000d38       ??_C@_0BG@FNONCMIK@Unable?5to?5remove?5?$CFs?$CB?6?$AA@ 10014d38     BaseFileSystem.obj
 0002:00000d50       ??_C@_0BM@HBGCLPDL@Unable?5to?5rename?5?$CFs?5to?5?$CFs?$CB?6?$AA@ 10014d50     BaseFileSystem.obj
 0002:00000d6c       ??_C@_03BBKEAIF@?$DP?$DP?$DP?$AA@ 10014d6c     BaseFileSystem.obj
 0002:00000d70       __real@bed105e9            10014d70     BaseFileSystem.obj
 0002:00000d74       __real@bf3504f4            10014d74     BaseFileSystem.obj
 0002:00000d78       __real@bed105ed            10014d78     BaseFileSystem.obj
 0002:00000d7c       __real@3f3504f3            10014d7c     BaseFileSystem.obj
 0002:00000d80       __real@3f5105ec            10014d80     BaseFileSystem.obj
 0002:00000d84       __real@00000000            10014d84     BaseFileSystem.obj
 0002:00000d88       __real@3f13cd3a            10014d88     BaseFileSystem.obj
 0002:00000d90       ??_7CFileSystem_Stdio@@6BIAppSystem@@@ 10014d90     filesystem_stdio.obj
 0002:00000dac       ??_7CFileSystem_Stdio@@6BIBaseFileSystem@@@ 10014dac     filesystem_stdio.obj
 0002:00000ec4       ??_C@_0CJ@NBMMPOOM@FS?3?5?5Tried?5to?5SetVBuf?5NULL?5file?5@ 10014ec4     filesystem_stdio.obj
 0002:00000ef0       ??_C@_05NJFCIFJJ@Stdio?$AA@ 10014ef0     filesystem_stdio.obj
 0002:00000ef8       ??_C@_0P@GPANCMMK@VFileSystem009?$AA@ 10014ef8     filesystem_stdio.obj
 0002:00000f08       ??_C@_0BD@DLMBJJBE@VBaseFileSystem003?$AA@ 10014f08     filesystem_stdio.obj
 0002:00000f20       ??_7type_info@@6B@         10014f20     LIBC:typinfo.obj
 0002:00000f24       ??_C@_01BJG@?6?$AA@        10014f24     LIBC:perror.obj
 0002:00000f28       ??_C@_02HFBK@?3?5?$AA@     10014f28     LIBC:perror.obj
 0002:00000f2c       ??_C@_04GGNP@?4com?$AA@    10014f2c     LIBC:stat.obj
 0002:00000f34       ??_C@_04KBDN@?4bat?$AA@    10014f34     LIBC:stat.obj
 0002:00000f3c       ??_C@_04LFKF@?4cmd?$AA@    10014f3c     LIBC:stat.obj
 0002:00000f44       ??_C@_04NFOM@?4exe?$AA@    10014f44     LIBC:stat.obj
 0002:00000f4c       ??_C@_03MNBA@?4?1?2?$AA@   10014f4c     LIBC:stat.obj
 0002:00000f50       ??_C@_02DIIM@?$DP?$CK?$AA@ 10014f50     LIBC:stat.obj
[...]
 0002:00001838       ??_R2IFileSystem@@8        10015838     BaseFileSystem.obj
 0002:00001848       ??_R1A@?0A@EA@IBaseFileSystem@@8 10015848     BaseFileSystem.obj
 0002:00001864       ??_R3IBaseFileSystem@@8    10015864     BaseFileSystem.obj
 0002:00001874       ??_R2IBaseFileSystem@@8    10015874     BaseFileSystem.obj
 0002:0000187c       ??_R13?0A@EA@IAppSystem@@8 1001587c     BaseFileSystem.obj
 0002:00001898       ??_R3IAppSystem@@8         10015898     BaseFileSystem.obj
 0002:000018a8       ??_R2IAppSystem@@8         100158a8     BaseFileSystem.obj
 0002:000018b0       ??_R1A@?0A@EA@IAppSystem@@8 100158b0     BaseFileSystem.obj
 0002:000018cc       ??_R4CBaseFileSystem@@6BIAppSystem@@@ 100158cc     BaseFileSystem.obj
 0002:000018e0       ??_R4IFileSystem@@6BIBaseFileSystem@@@ 100158e0     BaseFileSystem.obj
 0002:000018f4       ??_R4IFileSystem@@6BIAppSystem@@@ 100158f4     BaseFileSystem.obj
 0002:00001908       ??_R4IBaseFileSystem@@6B@  10015908     BaseFileSystem.obj
 0002:0000191c       ??_R4IAppSystem@@6B@       1001591c     BaseFileSystem.obj
 0002:00001930       ??_R4CFileSystem_Stdio@@6BIBaseFileSystem@@@ 10015930     filesystem_stdio.obj
 0002:00001944       ??_R3CFileSystem_Stdio@@8  10015944     filesystem_stdio.obj
 0002:00001954       ??_R2CFileSystem_Stdio@@8  10015954     filesystem_stdio.obj
 0002:0000196c       ??_R1A@?0A@EA@CFileSystem_Stdio@@8 1001596c     filesystem_stdio.obj
 0002:00001988       ??_R4CFileSystem_Stdio@@6BIAppSystem@@@ 10015988     filesystem_stdio.obj
 0002:000019a0       ??_R1A@?0A@A@type_info@@8  100159a0     LIBC:typinfo.obj
 0002:000019b8       ??_R2type_info@@8          100159b8     LIBC:typinfo.obj
 0002:000019c0       ??_R3type_info@@8          100159c0     LIBC:typinfo.obj
 0002:000019d0       ??_R4type_info@@6B@        100159d0     LIBC:typinfo.obj
 0002:000019e4       __IMPORT_DESCRIPTOR_KERNEL32 100159e4     kernel32:KERNEL32.dll
 0002:000019f8       __IMPORT_DESCRIPTOR_vstdlib 100159f8     vstdlib:vstdlib.dll
 0002:00001a0c       __IMPORT_DESCRIPTOR_tier0  10015a0c     tier0:tier0.dll
 0002:00001a20       __NULL_IMPORT_DESCRIPTOR   10015a20     kernel32:KERNEL32.dll
 0003:00000000       ___xc_a                    10017000     LIBC:crt0init.obj
 0003:00000024       ___xc_z                    10017024     LIBC:crt0init.obj
 0003:00000028       ___xi_a                    10017028     LIBC:crt0init.obj
 0003:00000038       ___xi_z                    10017038     LIBC:crt0init.obj
 0003:0000003c       ___xp_a                    1001703c     LIBC:crt0init.obj
 0003:00000044       ___xp_z                    10017044     LIBC:crt0init.obj
 0003:00000048       ___xt_a                    10017048     LIBC:crt0init.obj
 0003:0000004c       ___xt_z                    1001704c     LIBC:crt0init.obj
 0003:00000050       ?s_bAllowStaticSymbolTable@CUtlSymbol@@1_NA 10017050     utlsymbol.obj
 0003:00000054       ??_R0?AVCBaseFileSystem@@@8 10017054     BaseFileSystem.obj
 0003:00000074       ??_R0?AVIFileSystem@@@8    10017074     BaseFileSystem.obj
 0003:00000090       ??_R0?AVIBaseFileSystem@@@8 10017090     BaseFileSystem.obj
 0003:000000b0       ??_R0?AVIAppSystem@@@8     100170b0     BaseFileSystem.obj
 0003:000000cc       ??_R0?AVCFileSystem_Stdio@@@8 100170cc     filesystem_stdio.obj
 0003:000000f0       ??_R0?AVtype_info@@@8      100170f0     LIBC:typinfo.obj
 0003:00000110       __fltused                  10017110     LIBC:fpinit.obj
 0003:00000114       __ldused                   10017114     LIBC:fpinit.obj
 0003:00000118       __FPinit                   10017118     LIBC:fpinit.obj
 0003:0000011c       __FPmtinit                 1001711c     LIBC:fpinit.obj
 0003:00000120       __FPmtterm                 10017120     LIBC:fpinit.obj
 0003:00000124       __aexit_rtn                10017124     LIBC:dllcrt0.obj
 0003:00000128       ___nullstring              10017128     LIBC:output.obj
 0003:0000012c       ___wnullstring             1001712c     LIBC:output.obj
 0003:00000130       __amblksiz                 10017130     LIBC:heapinit.obj
 0003:00000134       ___sbh_threshold           10017134     LIBC:sbheap.obj
 0003:00000138       __sys_errlist              10017138     LIBC:syserr.obj
 0003:000001e8       __sys_nerr                 100171e8     LIBC:syserr.obj
 0003:00000358       __iob                      10017358     LIBC:_file.obj
 0003:000005d8       __cfltcvt_tab              100175d8     LIBC:cmiscdat.obj
 0003:000005f0       ___badioinfo               100175f0     LIBC:ioinit.obj
 0003:00000780       __pctype                   10017780     LIBC:ctype.obj
 0003:00000784       __pwctype                  10017784     LIBC:ctype.obj
 0003:00000788       __ctype                    10017788     LIBC:ctype.obj
 0003:00000990       __timezone                 10017990     LIBC:timeset.obj
 0003:00000994       __daylight                 10017994     LIBC:timeset.obj
 0003:00000998       __dstbias                  10017998     LIBC:timeset.obj
 0003:00000a1c       __tzname                   10017a1c     LIBC:timeset.obj
 0003:00000a44       __lpdays                   10017a44     LIBC:days.obj
 0003:00000a78       __days                     10017a78     LIBC:days.obj
 0003:00000ab0       ___mb_cur_max              10017ab0     LIBC:nlsdata1.obj
 0003:00000ab4       ___decimal_point           10017ab4     LIBC:nlsdata1.obj
 0003:00000ab8       ___decimal_point_length    10017ab8     LIBC:nlsdata1.obj
 0003:00000af0       __NLG_Destination          10017af0     LIBC:exsup.obj
 0003:00000b00       __XcptActTab               10017b00     LIBC:winxfltr.obj
 0003:00000b78       __First_FPE_Indx           10017b78     LIBC:winxfltr.obj
 0003:00000b7c       __Num_FPE                  10017b7c     LIBC:winxfltr.obj
 0003:00000b80       __XcptActTabCount          10017b80     LIBC:winxfltr.obj
 0003:00000b84       __fpecode                  10017b84     LIBC:winxfltr.obj
 0003:00000b90       __pow10pos                 10017b90     LIBC:constpow.obj
 0003:00000cf0       __pow10neg                 10017cf0     LIBC:constpow.obj
 0003:00000e60       ?s_pInterfaceRegs@InterfaceReg@@2PAV1@A 10017e60     interface.obj
 0003:00000e64       ?s_pSymbolTable@CUtlSymbol@@1PAVCUtlSymbolTable@@A 10017e64     utlsymbol.obj
 0003:00000e74       ?s_Sentinel@?1??Links@?$CUtlRBTree@IG@@IBEABULinks_t@2@G@Z@4U32@A 10017e74     utlsymbol.obj
 0003:00000e7c       ??_B?1??Links@?$CUtlRBTree@IG@@IBEABULinks_t@1@G@Z@51 10017e7c     utlsymbol.obj
 0003:00000f84       ?m_fs@CSearchPath@@2PAVCBaseFileSystem@@A 10017f84     BaseFileSystem.obj
 0003:00000fac       ?g_PathIDTable@@3VCUtlSymbolTable@@A 10017fac     BaseFileSystem.obj
 0003:000013e0       ?s_Sentinel@?1??Links@?$CUtlRBTree@VCPackFileEntry@@H@@IBEABULinks_t@2@H@Z@4U32@A 100183e0     BaseFileSystem.obj
 0003:000013f0       ??_B?1??Links@?$CUtlRBTree@VCPackFileEntry@@H@@IBEABULinks_t@1@H@Z@51 100183f0     BaseFileSystem.obj
 0003:000014b8       ___fastflag                100184b8     LIBC:fpinit.obj
 0003:000014bc       __adjust_fdiv              100184bc     LIBC:fpinit.obj
 0003:000014c4       __aenvptr                  100184c4     LIBC:dllcrt0.obj
 0003:000014c8       __wenvptr                  100184c8     LIBC:dllcrt0.obj
 0003:000014cc       ___error_mode              100184cc     LIBC:dllcrt0.obj
 0003:000014d0       ___app_type                100184d0     LIBC:dllcrt0.obj
 0003:000014d4       _errno                     100184d4     LIBC:crt0dat.obj
 0003:000014d8       __doserrno                 100184d8     LIBC:crt0dat.obj
 0003:000014dc       __umaskval                 100184dc     LIBC:crt0dat.obj
 0003:000014e0       __osver                    100184e0     LIBC:crt0dat.obj
 0003:000014e4       __winver                   100184e4     LIBC:crt0dat.obj
 0003:000014e8       __winmajor                 100184e8     LIBC:crt0dat.obj
 0003:000014ec       __winminor                 100184ec     LIBC:crt0dat.obj
 0003:000014f0       ___argc                    100184f0     LIBC:crt0dat.obj
 0003:000014f4       ___argv                    100184f4     LIBC:crt0dat.obj
 0003:000014f8       ___wargv                   100184f8     LIBC:crt0dat.obj
 0003:000014fc       __environ                  100184fc     LIBC:crt0dat.obj
 0003:00001500       ___initenv                 10018500     LIBC:crt0dat.obj
 0003:00001504       __wenviron                 10018504     LIBC:crt0dat.obj
 0003:00001508       ___winitenv                10018508     LIBC:crt0dat.obj
 0003:0000150c       __pgmptr                   1001850c     LIBC:crt0dat.obj
 0003:00001510       __wpgmptr                  10018510     LIBC:crt0dat.obj
 0003:00001514       __exitflag                 10018514     LIBC:crt0dat.obj
 0003:00001518       __C_Termination_Done       10018518     LIBC:crt0dat.obj
 0003:0000151c       __C_Exit_Done              1001851c     LIBC:crt0dat.obj
 0003:00001520       __newmode                  10018520     LIBC:_newmode.obj
 0003:00001524       ?_pnhHeap@@3P6AHI@ZA       10018524     LIBC:handler.obj
 0003:00001528       __stdbuf                   10018528     LIBC:_sftbuf.obj
 0003:0000154c       __cflush                   1001854c     LIBC:_file.obj
 0003:00001668       __adbgmsg                  10018668     LIBC:crt0msg.obj
 0003:0000166c       __commode                  1001866c     LIBC:ncommode.obj
 0003:000017a4       __fmode                    100187a4     LIBC:txtmode.obj
 0003:000017a8       ___lc_handle               100187a8     LIBC:nlsdata2.obj
 0003:000017c0       ___lc_codepage             100187c0     LIBC:nlsdata2.obj
 0003:000017c4       ___lc_collate_cp           100187c4     LIBC:nlsdata2.obj
 0003:000017cc       __pxcptinfoptrs            100187cc     LIBC:winxfltr.obj
 0003:000017d0       ___mbcodepage              100187d0     <common>
 0003:000017e0       ___mbulinfo                100187e0     <common>
 0003:000017ec       ___ismbcodepage            100187ec     <common>
 0003:00001800       __mbcasemap                10018800     <common>
 0003:00001900       __mbctype                  10018900     <common>
 0003:00001a04       ___mblcid                  10018a04     <common>
 0003:00001a20       ___pioinfo                 10018a20     <common>
 0003:00001b20       __nhandle                  10018b20     <common>
 0003:00001b24       ___piob                    10018b24     <common>
 0003:00001b40       __bufin                    10018b40     <common>
 0003:00002b40       __nstream                  10019b40     <common>
 0003:00002b44       ___sbh_sizeHeaderList      10019b44     <common>
 0003:00002b48       ___sbh_indGroupDefer       10019b48     <common>
 0003:00002b4c       ___sbh_pHeaderScan         10019b4c     <common>
 0003:00002b50       ___sbh_pHeaderDefer        10019b50     <common>
 0003:00002b54       ___sbh_cntHeaderList       10019b54     <common>
 0003:00002b58       ___sbh_pHeaderList         10019b58     <common>
 0003:00002b5c       __crtheap                  10019b5c     <common>
 0003:00002b60       ___env_initialized         10019b60     <common>
 0003:00002b64       ___mbctype_initialized     10019b64     <common>
 0003:00002b68       ___onexitend               10019b68     <common>
 0003:00002b6c       ___onexitbegin             10019b6c     <common>
 0003:00002b70       __acmdln                   10019b70     <common>
 0003:00002b74       __pRawDllMain              10019b74     <common>

 entry point at        0001:0000aa00

 Static symbols

 0001:00000280       ?Sys_GetProcAddress@@YAPAXPBD0@Z 10001280 f   interface.obj
 0001:00005fa0       ?FixSlashes@@YAXPAD@Z      10006fa0 f   BaseFileSystem.obj
 0001:00005fd0       ?FixPath@@YAXPAD@Z         10006fd0 f   BaseFileSystem.obj
 0001:00006020       ?StripFilename@@YAXPAD@Z   10007020 f   BaseFileSystem.obj
 0001:00008d60       ?__CreateCFileSystem_StdioIFileSystem_interface@@YAPAXXZ 10009d60 f   filesystem_stdio.obj
 0001:00008d70       ?__CreateCFileSystem_StdioIBaseFileSystem_interface@@YAPAXXZ 10009d70 f   filesystem_stdio.obj
 0001:00009070       LeadUp1                    1000a070 f   LIBC:memcpy.obj
 0001:0000909c       LeadUp2                    1000a09c f   LIBC:memcpy.obj
 0001:000090c0       LeadUp3                    1000a0c0 f   LIBC:memcpy.obj
 0001:000090fc       UnwindUp7                  1000a0fc f   LIBC:memcpy.obj
 0001:00009104       UnwindUp6                  1000a104 f   LIBC:memcpy.obj
 0001:0000910c       UnwindUp5                  1000a10c f   LIBC:memcpy.obj
 0001:00009114       UnwindUp4                  1000a114 f   LIBC:memcpy.obj
 0001:0000911c       UnwindUp3                  1000a11c f   LIBC:memcpy.obj
 0001:00009124       UnwindUp2                  1000a124 f   LIBC:memcpy.obj
 0001:0000912c       UnwindUp1                  1000a12c f   LIBC:memcpy.obj
 0001:0000913f       UnwindUp0                  1000a13f f   LIBC:memcpy.obj
 0001:00009158       TrailUp0                   1000a158 f   LIBC:memcpy.obj
 0001:00009160       TrailUp1                   1000a160 f   LIBC:memcpy.obj
 0001:0000916c       TrailUp2                   1000a16c f   LIBC:memcpy.obj
 0001:00009180       TrailUp3                   1000a180 f   LIBC:memcpy.obj
 0001:000091f8       LeadDown1                  1000a1f8 f   LIBC:memcpy.obj
 0001:00009218       LeadDown2                  1000a218 f   LIBC:memcpy.obj
 0001:00009240       LeadDown3                  1000a240 f   LIBC:memcpy.obj
 0001:00009294       UnwindDown7                1000a294 f   LIBC:memcpy.obj
 0001:0000929c       UnwindDown6                1000a29c f   LIBC:memcpy.obj
 0001:000092a4       UnwindDown5                1000a2a4 f   LIBC:memcpy.obj
 0001:000092ac       UnwindDown4                1000a2ac f   LIBC:memcpy.obj
 0001:000092b4       UnwindDown3                1000a2b4 f   LIBC:memcpy.obj
 0001:000092bc       UnwindDown2                1000a2bc f   LIBC:memcpy.obj
 0001:000092c4       UnwindDown1                1000a2c4 f   LIBC:memcpy.obj
 0001:000092d7       UnwindDown0                1000a2d7 f   LIBC:memcpy.obj
 0001:000092f0       TrailDown0                 1000a2f0 f   LIBC:memcpy.obj
 0001:000092f8       TrailDown1                 1000a2f8 f   LIBC:memcpy.obj
 0001:00009308       TrailDown2                 1000a308 f   LIBC:memcpy.obj
 0001:0000931c       TrailDown3                 1000a31c f   LIBC:memcpy.obj
 0001:000093b0       LeadUp1                    1000a3b0 f   LIBC:memmove.obj
 0001:000093dc       LeadUp2                    1000a3dc f   LIBC:memmove.obj
 0001:00009400       LeadUp3                    1000a400 f   LIBC:memmove.obj
 0001:0000943c       UnwindUp7                  1000a43c f   LIBC:memmove.obj
 0001:00009444       UnwindUp6                  1000a444 f   LIBC:memmove.obj
 0001:0000944c       UnwindUp5                  1000a44c f   LIBC:memmove.obj
 0001:00009454       UnwindUp4                  1000a454 f   LIBC:memmove.obj
 0001:0000945c       UnwindUp3                  1000a45c f   LIBC:memmove.obj
 0001:00009464       UnwindUp2                  1000a464 f   LIBC:memmove.obj
 0001:0000946c       UnwindUp1                  1000a46c f   LIBC:memmove.obj
 0001:0000947f       UnwindUp0                  1000a47f f   LIBC:memmove.obj
 0001:00009498       TrailUp0                   1000a498 f   LIBC:memmove.obj
 0001:000094a0       TrailUp1                   1000a4a0 f   LIBC:memmove.obj
 0001:000094ac       TrailUp2                   1000a4ac f   LIBC:memmove.obj
 0001:000094c0       TrailUp3                   1000a4c0 f   LIBC:memmove.obj
 0001:00009538       LeadDown1                  1000a538 f   LIBC:memmove.obj
 0001:00009558       LeadDown2                  1000a558 f   LIBC:memmove.obj
 0001:00009580       LeadDown3                  1000a580 f   LIBC:memmove.obj
 0001:000095d4       UnwindDown7                1000a5d4 f   LIBC:memmove.obj
 0001:000095dc       UnwindDown6                1000a5dc f   LIBC:memmove.obj
 0001:000095e4       UnwindDown5                1000a5e4 f   LIBC:memmove.obj
 0001:000095ec       UnwindDown4                1000a5ec f   LIBC:memmove.obj
 0001:000095f4       UnwindDown3                1000a5f4 f   LIBC:memmove.obj
 0001:000095fc       UnwindDown2                1000a5fc f   LIBC:memmove.obj
 0001:00009604       UnwindDown1                1000a604 f   LIBC:memmove.obj
 0001:00009617       UnwindDown0                1000a617 f   LIBC:memmove.obj
 0001:00009630       TrailDown0                 1000a630 f   LIBC:memmove.obj
 0001:00009638       TrailDown1                 1000a638 f   LIBC:memmove.obj
 0001:00009648       TrailDown2                 1000a648 f   LIBC:memmove.obj
 0001:0000965c       TrailDown3                 1000a65c f   LIBC:memmove.obj
 0001:0000a1a0       _IsRootUNCName             1000b1a0 f   LIBC:stat.obj
 0001:0000a83a       _flsall                    1000b83a f   LIBC:fflush.obj
 0001:0000ac5d       _doexit                    1000bc5d f   LIBC:crt0dat.obj
 0001:0000acf6       __initterm                 1000bcf6 f   LIBC:crt0dat.obj
 0001:0000b931       _write_char                1000c931 f   LIBC:output.obj
 0001:0000b966       _write_multi_char          1000c966 f   LIBC:output.obj
 0001:0000b997       _write_string              1000c997 f   LIBC:output.obj
 0001:0000b9cf       _get_int_arg               1000c9cf f   LIBC:output.obj
 0001:0000b9dc       _get_int64_arg             1000c9dc f   LIBC:output.obj
 0001:0000b9ec       _get_short_arg             1000c9ec f   LIBC:output.obj
 0001:0000d36a       _store_dt                  1000e36a f   LIBC:asctime.obj
 0001:0000d99f       __cftoe_g                  1000e99f f   LIBC:cvt.obj
 0001:0000d9c6       __cftof_g                  1000e9c6 f   LIBC:cvt.obj
 0001:0000da3a       __shift                    1000ea3a f   LIBC:cvt.obj
 0001:0000e066       _parse_cmdline             1000f066 f   LIBC:stdargv.obj
 0001:0000ea76       _strncnt                   1000fa76 f   LIBC:a_cmp.obj
 0001:0000ec3a       _getSystemCP               1000fc3a f   LIBC:mbctype.obj
 0001:0000ec84       _CPtoLCID                  1000fc84 f   LIBC:mbctype.obj
 0001:0000ecb7       _setSBCS                   1000fcb7 f   LIBC:mbctype.obj
 0001:0000ece0       _setSBUpLow                1000fce0 f   LIBC:mbctype.obj
 0001:0000f018       _findenv                   10010018 f   LIBC:setenv.obj
 0001:0000f070       _copy_environ              10010070 f   LIBC:setenv.obj
 0001:0000f719       _strncnt                   10010719 f   LIBC:a_map.obj
 0001:0000fbfb       _cvtdate                   10010bfb f   LIBC:tzset.obj
 0001:000101d4       __abstract_cw              100111d4 f   LIBC:ieee87.obj
 0001:00010266       __hw_cw                    10011266 f   LIBC:ieee87.obj
 0001:000102ef       __abstract_sw              100112ef f   LIBC:ieee87.obj
 0001:00010c84       _gu_return                 10011c84 f   LIBC:exsup.obj
 0001:00010c8c       __unwind_handler           10011c8c f   LIBC:exsup.obj
 0001:000112b4       _xcptlookup                100122b4 f   LIBC:winxfltr.obj
 0001:00012290       ??__Eg_CleanupSymbolTable@@YAXXZ 10013290 f   utlsymbol.obj
 0001:000122b0       ??__Eg_LessCtx@@YAXXZ      100132b0 f   utlsymbol.obj
 0001:000122c0       ??__Eg_localBumpBasis@@YAXXZ 100132c0 f   BaseFileSystem.obj
 0001:00012340       ??__Eg_PathIDTable@@YAXXZ  10013340 f   BaseFileSystem.obj
 0001:00012370       ??__Eg_localBumpBasis@@YAXXZ 10013370 f   filesystem_stdio.obj
 0001:000123f0       ??__Eg_FileSystem_Stdio@@YAXXZ 100133f0 f   filesystem_stdio.obj
 0001:00012410       ??__E__g_CreateCFileSystem_StdioIFileSystem_reg@@YAXXZ 10013410 f   filesystem_stdio.obj
 0001:00012430       ??__E__g_CreateCFileSystem_StdioIBaseFileSystem_reg@@YAXXZ 10013430 f   filesystem_stdio.obj
 0001:00012450       ??__Fg_CleanupSymbolTable@@YAXXZ 10013450 f   utlsymbol.obj
 0001:00012460       ??__Fg_PathIDTable@@YAXXZ  10013460 f   BaseFileSystem.obj
 0001:00012470       ??__Fg_FileSystem_Stdio@@YAXXZ 10013470 f   filesystem_stdio.obj
